Archive member included to satisfy reference by file (symbol)

/home/estape/intelFPGA_lite/18.1/nios2eds/bin/gnu/H-x86_64-pc-linux-gnu/bin/../lib/gcc/nios2-elf/5.3.0/mno-hw-mul/libgcc.a(lib2-mul.o)
                              obj/default/main.o (__mulsi3)
/home/estape/intelFPGA_lite/18.1/nios2eds/bin/gnu/H-x86_64-pc-linux-gnu/bin/../lib/gcc/nios2-elf/5.3.0/../../../../../H-x86_64-pc-linux-gnu/nios2-elf/lib/mno-hw-mul/libc.a(lib_a-exit.o)
                              obj/default/main.o (exit)
/home/estape/intelFPGA_lite/18.1/nios2eds/bin/gnu/H-x86_64-pc-linux-gnu/bin/../lib/gcc/nios2-elf/5.3.0/../../../../../H-x86_64-pc-linux-gnu/nios2-elf/lib/mno-hw-mul/libc.a(lib_a-impure.o)
                              /home/estape/intelFPGA_lite/18.1/nios2eds/bin/gnu/H-x86_64-pc-linux-gnu/bin/../lib/gcc/nios2-elf/5.3.0/../../../../../H-x86_64-pc-linux-gnu/nios2-elf/lib/mno-hw-mul/libc.a(lib_a-exit.o) (_global_impure_ptr)
/home/estape/intelFPGA_lite/18.1/nios2eds/bin/gnu/H-x86_64-pc-linux-gnu/bin/../lib/gcc/nios2-elf/5.3.0/../../../../../H-x86_64-pc-linux-gnu/nios2-elf/lib/mno-hw-mul/libc.a(lib_a-puts.o)
                              obj/default/main.o (puts)
/home/estape/intelFPGA_lite/18.1/nios2eds/bin/gnu/H-x86_64-pc-linux-gnu/bin/../lib/gcc/nios2-elf/5.3.0/../../../../../H-x86_64-pc-linux-gnu/nios2-elf/lib/mno-hw-mul/libc.a(lib_a-strlen.o)
                              /home/estape/intelFPGA_lite/18.1/nios2eds/bin/gnu/H-x86_64-pc-linux-gnu/bin/../lib/gcc/nios2-elf/5.3.0/../../../../../H-x86_64-pc-linux-gnu/nios2-elf/lib/mno-hw-mul/libc.a(lib_a-puts.o) (strlen)
/home/estape/intelFPGA_lite/18.1/nios2eds/bin/gnu/H-x86_64-pc-linux-gnu/bin/../lib/gcc/nios2-elf/5.3.0/../../../../../H-x86_64-pc-linux-gnu/nios2-elf/lib/mno-hw-mul/libc.a(lib_a-__call_atexit.o)
                              /home/estape/intelFPGA_lite/18.1/nios2eds/bin/gnu/H-x86_64-pc-linux-gnu/bin/../lib/gcc/nios2-elf/5.3.0/../../../../../H-x86_64-pc-linux-gnu/nios2-elf/lib/mno-hw-mul/libc.a(lib_a-exit.o) (__call_exitprocs)
/home/estape/intelFPGA_lite/18.1/nios2eds/bin/gnu/H-x86_64-pc-linux-gnu/bin/../lib/gcc/nios2-elf/5.3.0/../../../../../H-x86_64-pc-linux-gnu/nios2-elf/lib/mno-hw-mul/libc.a(lib_a-findfp.o)
                              /home/estape/intelFPGA_lite/18.1/nios2eds/bin/gnu/H-x86_64-pc-linux-gnu/bin/../lib/gcc/nios2-elf/5.3.0/../../../../../H-x86_64-pc-linux-gnu/nios2-elf/lib/mno-hw-mul/libc.a(lib_a-puts.o) (__sinit)
/home/estape/intelFPGA_lite/18.1/nios2eds/bin/gnu/H-x86_64-pc-linux-gnu/bin/../lib/gcc/nios2-elf/5.3.0/../../../../../H-x86_64-pc-linux-gnu/nios2-elf/lib/mno-hw-mul/libc.a(lib_a-fvwrite.o)
                              /home/estape/intelFPGA_lite/18.1/nios2eds/bin/gnu/H-x86_64-pc-linux-gnu/bin/../lib/gcc/nios2-elf/5.3.0/../../../../../H-x86_64-pc-linux-gnu/nios2-elf/lib/mno-hw-mul/libc.a(lib_a-puts.o) (__sfvwrite_r)
/home/estape/intelFPGA_lite/18.1/nios2eds/bin/gnu/H-x86_64-pc-linux-gnu/bin/../lib/gcc/nios2-elf/5.3.0/../../../../../H-x86_64-pc-linux-gnu/nios2-elf/lib/mno-hw-mul/libc.a(lib_a-fwalk.o)
                              /home/estape/intelFPGA_lite/18.1/nios2eds/bin/gnu/H-x86_64-pc-linux-gnu/bin/../lib/gcc/nios2-elf/5.3.0/../../../../../H-x86_64-pc-linux-gnu/nios2-elf/lib/mno-hw-mul/libc.a(lib_a-findfp.o) (_fwalk)
/home/estape/intelFPGA_lite/18.1/nios2eds/bin/gnu/H-x86_64-pc-linux-gnu/bin/../lib/gcc/nios2-elf/5.3.0/../../../../../H-x86_64-pc-linux-gnu/nios2-elf/lib/mno-hw-mul/libc.a(lib_a-mallocr.o)
                              /home/estape/intelFPGA_lite/18.1/nios2eds/bin/gnu/H-x86_64-pc-linux-gnu/bin/../lib/gcc/nios2-elf/5.3.0/../../../../../H-x86_64-pc-linux-gnu/nios2-elf/lib/mno-hw-mul/libc.a(lib_a-findfp.o) (_malloc_r)
/home/estape/intelFPGA_lite/18.1/nios2eds/bin/gnu/H-x86_64-pc-linux-gnu/bin/../lib/gcc/nios2-elf/5.3.0/../../../../../H-x86_64-pc-linux-gnu/nios2-elf/lib/mno-hw-mul/libc.a(lib_a-memchr.o)
                              /home/estape/intelFPGA_lite/18.1/nios2eds/bin/gnu/H-x86_64-pc-linux-gnu/bin/../lib/gcc/nios2-elf/5.3.0/../../../../../H-x86_64-pc-linux-gnu/nios2-elf/lib/mno-hw-mul/libc.a(lib_a-fvwrite.o) (memchr)
/home/estape/intelFPGA_lite/18.1/nios2eds/bin/gnu/H-x86_64-pc-linux-gnu/bin/../lib/gcc/nios2-elf/5.3.0/../../../../../H-x86_64-pc-linux-gnu/nios2-elf/lib/mno-hw-mul/libc.a(lib_a-memcpy.o)
                              /home/estape/intelFPGA_lite/18.1/nios2eds/bin/gnu/H-x86_64-pc-linux-gnu/bin/../lib/gcc/nios2-elf/5.3.0/../../../../../H-x86_64-pc-linux-gnu/nios2-elf/lib/mno-hw-mul/libc.a(lib_a-fvwrite.o) (memcpy)
/home/estape/intelFPGA_lite/18.1/nios2eds/bin/gnu/H-x86_64-pc-linux-gnu/bin/../lib/gcc/nios2-elf/5.3.0/../../../../../H-x86_64-pc-linux-gnu/nios2-elf/lib/mno-hw-mul/libc.a(lib_a-memmove.o)
                              /home/estape/intelFPGA_lite/18.1/nios2eds/bin/gnu/H-x86_64-pc-linux-gnu/bin/../lib/gcc/nios2-elf/5.3.0/../../../../../H-x86_64-pc-linux-gnu/nios2-elf/lib/mno-hw-mul/libc.a(lib_a-fvwrite.o) (memmove)
[...]
Memory Configuration

Name             Origin             Length             Attributes
reset            0x0000000000000000 0x0000000000000020
onchip_memory2_0 0x0000000000000020 0x000000000000ffe0
sdram_controller_0 0x0000000004000000 0x0000000004000000
*default*        0x0000000000000000 0xffffffffffffffff

Linker script and memory map

LOAD ../denoise_nios_bsp//obj/HAL/src/crt0.o
LOAD obj/default/main.o
LOAD /home/estape/intelFPGA_lite/18.1/nios2eds/bin/gnu/H-x86_64-pc-linux-gnu/bin/../lib/gcc/nios2-elf/5.3.0/../../../../../H-x86_64-pc-linux-gnu/nios2-elf/lib/mno-hw-mul/libstdc++.a
LOAD /home/estape/intelFPGA_lite/18.1/nios2eds/bin/gnu/H-x86_64-pc-linux-gnu/bin/../lib/gcc/nios2-elf/5.3.0/../../../../../H-x86_64-pc-linux-gnu/nios2-elf/lib/mno-hw-mul/libm.a
LOAD /home/estape/intelFPGA_lite/18.1/nios2eds/bin/gnu/H-x86_64-pc-linux-gnu/bin/../lib/gcc/nios2-elf/5.3.0/mno-hw-mul/libgcc.a
START GROUP
LOAD /home/estape/intelFPGA_lite/18.1/nios2eds/bin/gnu/H-x86_64-pc-linux-gnu/bin/../lib/gcc/nios2-elf/5.3.0/../../../../../H-x86_64-pc-linux-gnu/nios2-elf/lib/mno-hw-mul/libc.a
LOAD /home/estape/intelFPGA_lite/18.1/nios2eds/bin/gnu/H-x86_64-pc-linux-gnu/bin/../lib/gcc/nios2-elf/5.3.0/mno-hw-mul/libgcc.a
LOAD ../denoise_nios_bsp//libhal_bsp.a
LOAD /home/estape/intelFPGA_lite/18.1/nios2eds/bin/gnu/H-x86_64-pc-linux-gnu/bin/../lib/gcc/nios2-elf/5.3.0/../../../../../H-x86_64-pc-linux-gnu/nios2-elf/lib/mno-hw-mul/libm.a
END GROUP
LOAD /home/estape/intelFPGA_lite/18.1/nios2eds/bin/gnu/H-x86_64-pc-linux-gnu/bin/../lib/gcc/nios2-elf/5.3.0/mno-hw-mul/libgcc.a
                0x0000000000000000                __alt_mem_onchip_memory2_0 = 0x0
                0x0000000004000000                __alt_mem_sdram_controller_0 = 0x4000000

.entry          0x0000000000000000       0x20
 *(.entry)
 .entry         0x0000000000000000       0x20 ../denoise_nios_bsp//obj/HAL/src/crt0.o
                0x0000000000000000                __reset

.exceptions     0x0000000000000020      0x210
                0x0000000000000020                PROVIDE (__ram_exceptions_start, ABSOLUTE (.))
                0x0000000000000020                . = ALIGN (0x20)
 *(.irq)
 *(.exceptions.entry.label)
 .exceptions.entry.label
                0x0000000000000020        0x0 ../denoise_nios_bsp//libhal_bsp.a(alt_irq_entry.o)
                0x0000000000000020                alt_irq_entry
 .exceptions.entry.label
                0x0000000000000020        0x0 ../denoise_nios_bsp//libhal_bsp.a(alt_exception_entry.o)
                0x0000000000000020                alt_exception
 *(.exceptions.entry.user)
 *(.exceptions.entry.ecc_fatal)
 *(.exceptions.entry)
 .exceptions.entry
                0x0000000000000020       0x54 ../denoise_nios_bsp//libhal_bsp.a(alt_exception_entry.o)
 *(.exceptions.irqtest.user)
 *(.exceptions.irqtest)
 .exceptions.irqtest
                0x0000000000000074       0x10 ../denoise_nios_bsp//libhal_bsp.a(alt_irq_entry.o)
 *(.exceptions.irqhandler.user)
 *(.exceptions.irqhandler)
 .exceptions.irqhandler
                0x0000000000000084        0x4 ../denoise_nios_bsp//libhal_bsp.a(alt_irq_entry.o)
 *(.exceptions.irqreturn.user)
 *(.exceptions.irqreturn)
 .exceptions.irqreturn
                0x0000000000000088        0x4 ../denoise_nios_bsp//libhal_bsp.a(alt_irq_entry.o)
 *(.exceptions.notirq.label)
 .exceptions.notirq.label
                0x000000000000008c        0x0 ../denoise_nios_bsp//libhal_bsp.a(alt_irq_entry.o)
 *(.exceptions.notirq.user)
 *(.exceptions.notirq)
 .exceptions.notirq
                0x000000000000008c        0x8 ../denoise_nios_bsp//libhal_bsp.a(alt_exception_entry.o)
 *(.exceptions.soft.user)
 *(.exceptions.soft)
 *(.exceptions.unknown.user)
 *(.exceptions.unknown)
 .exceptions.unknown
                0x0000000000000094       0x14 ../denoise_nios_bsp//libhal_bsp.a(alt_exception_entry.o)
 *(.exceptions.exit.label)
 .exceptions.exit.label
                0x00000000000000a8        0x0 ../denoise_nios_bsp//libhal_bsp.a(alt_irq_entry.o)
 .exceptions.exit.label
                0x00000000000000a8        0x0 ../denoise_nios_bsp//libhal_bsp.a(alt_exception_entry.o)
 *(.exceptions.exit.user)
 *(.exceptions.exit)
 .exceptions.exit
                0x00000000000000a8       0x54 ../denoise_nios_bsp//libhal_bsp.a(alt_exception_entry.o)
 *(.exceptions)
 .exceptions    0x00000000000000fc       0xd4 ../denoise_nios_bsp//libhal_bsp.a(alt_irq_handler.o)
                0x00000000000000fc                alt_irq_handler
 .exceptions    0x00000000000001d0       0x60 ../denoise_nios_bsp//libhal_bsp.a(alt_instruction_exception_entry.o)
                0x00000000000001d0                alt_instruction_exception_entry
                0x0000000000000230                PROVIDE (__ram_exceptions_end, ABSOLUTE (.))
                0x0000000000000020                PROVIDE (__flash_exceptions_start, LOADADDR (.exceptions))

.text           0x0000000000000230     0x5a58
                [!provide]                        PROVIDE (stext, ABSOLUTE (.))
 *(.interp)
 *(.hash)
 *(.dynsym)
 *(.dynstr)
 *(.gnu.version)
 *(.gnu.version_d)
 *(.gnu.version_r)
 *(.rel.init)
 *(.rela.init)
 *(.rel.text .rel.text.* .rel.gnu.linkonce.t.*)
 *(.rela.text .rela.text.* .rela.gnu.linkonce.t.*)
 *(.rel.fini)
 *(.rela.fini)
 *(.rel.rodata .rel.rodata.* .rel.gnu.linkonce.r.*)
 *(.rela.rodata .rela.rodata.* .rela.gnu.linkonce.r.*)
 *(.rel.data .rel.data.* .rel.gnu.linkonce.d.*)
 *(.rela.data .rela.data.* .rela.gnu.linkonce.d.*)
 *(.rel.tdata .rel.tdata.* .rel.gnu.linkonce.td.*)
 *(.rela.tdata .rela.tdata.* .rela.gnu.linkonce.td.*)
 *(.rel.tbss .rel.tbss.* .rel.gnu.linkonce.tb.*)
 *(.rela.tbss .rela.tbss.* .rela.gnu.linkonce.tb.*)
 *(.rel.ctors)
 *(.rela.ctors)
 *(.rel.dtors)
 *(.rela.dtors)
 *(.rel.got)
 *(.rela.got)
 *(.rel.sdata .rel.sdata.* .rel.gnu.linkonce.s.*)
 *(.rela.sdata .rela.sdata.* .rela.gnu.linkonce.s.*)
 *(.rel.sbss .rel.sbss.* .rel.gnu.linkonce.sb.*)
 *(.rela.sbss .rela.sbss.* .rela.gnu.linkonce.sb.*)
 *(.rel.sdata2 .rel.sdata2.* .rel.gnu.linkonce.s2.*)
 *(.rela.sdata2 .rela.sdata2.* .rela.gnu.linkonce.s2.*)
 *(.rel.sbss2 .rel.sbss2.* .rel.gnu.linkonce.sb2.*)
 *(.rela.sbss2 .rela.sbss2.* .rela.gnu.linkonce.sb2.*)
 *(.rel.bss .rel.bss.* .rel.gnu.linkonce.b.*)
 *(.rela.bss .rela.bss.* .rela.gnu.linkonce.b.*)
 *(.rel.plt)
 *(.rela.plt)
 *(.rel.dyn)
 *(.init)
 *(.plt)
 *(.text .stub .text.* .gnu.linkonce.t.*)
 .text          0x0000000000000230       0x3c ../denoise_nios_bsp//obj/HAL/src/crt0.o
                0x0000000000000230                _start
 .text          0x000000000000026c      0x578 obj/default/main.o
                0x000000000000026c                i4vecFrac
                0x00000000000004d8                i4vecMedian
                0x0000000000000534                medianFilter
                0x0000000000000718                main
 .text          0x00000000000007e4       0x28 /home/estape/intelFPGA_lite/18.1/nios2eds/bin/gnu/H-x86_64-pc-linux-gnu/bin/../lib/gcc/nios2-elf/5.3.0/mno-hw-mul/libgcc.a(lib2-mul.o)
                0x00000000000007e4                __mulsi3
 .text          0x000000000000080c        0x0 /home/estape/intelFPGA_lite/18.1/nios2eds/bin/gnu/H-x86_64-pc-linux-gnu/bin/../lib/gcc/nios2-elf/5.3.0/../../../../../H-x86_64-pc-linux-gnu/nios2-elf/lib/mno-hw-mul/libc.a(lib_a-exit.o)
 .text.exit     0x000000000000080c       0x38 /home/estape/intelFPGA_lite/18.1/nios2eds/bin/gnu/H-x86_64-pc-linux-gnu/bin/../lib/gcc/nios2-elf/5.3.0/../../../../../H-x86_64-pc-linux-gnu/nios2-elf/lib/mno-hw-mul/libc.a(lib_a-exit.o)
                0x000000000000080c                exit
 .text          0x0000000000000844        0x0 /home/estape/intelFPGA_lite/18.1/nios2eds/bin/gnu/H-x86_64-pc-linux-gnu/bin/../lib/gcc/nios2-elf/5.3.0/../../../../../H-x86_64-pc-linux-gnu/nios2-elf/lib/mno-hw-mul/libc.a(lib_a-impure.o)
 .text          0x0000000000000844        0x0 /home/estape/intelFPGA_lite/18.1/nios2eds/bin/gnu/H-x86_64-pc-linux-gnu/bin/../lib/gcc/nios2-elf/5.3.0/../../../../../H-x86_64-pc-linux-gnu/nios2-elf/lib/mno-hw-mul/libc.a(lib_a-puts.o)
 .text._puts_r  0x0000000000000844       0xc0 /home/estape/intelFPGA_lite/18.1/nios2eds/bin/gnu/H-x86_64-pc-linux-gnu/bin/../lib/gcc/nios2-elf/5.3.0/../../../../../H-x86_64-pc-linux-gnu/nios2-elf/lib/mno-hw-mul/libc.a(lib_a-puts.o)
                0x0000000000000844                _puts_r
 .text.puts     0x0000000000000904       0x14 /home/estape/intelFPGA_lite/18.1/nios2eds/bin/gnu/H-x86_64-pc-linux-gnu/bin/../lib/gcc/nios2-elf/5.3.0/../../../../../H-x86_64-pc-linux-gnu/nios2-elf/lib/mno-hw-mul/libc.a(lib_a-puts.o)
                0x0000000000000904                puts
 .text          0x0000000000000918        0x0 /home/estape/intelFPGA_lite/18.1/nios2eds/bin/gnu/H-x86_64-pc-linux-gnu/bin/../lib/gcc/nios2-elf/5.3.0/../../../../../H-x86_64-pc-linux-gnu/nios2-elf/lib/mno-hw-mul/libc.a(lib_a-strlen.o)
 .text.strlen   0x0000000000000918       0x98 /home/estape/intelFPGA_lite/18.1/nios2eds/bin/gnu/H-x86_64-pc-linux-gnu/bin/../lib/gcc/nios2-elf/5.3.0/../../../../../H-x86_64-pc-linux-gnu/nios2-elf/lib/mno-hw-mul/libc.a(lib_a-strlen.o)
                0x0000000000000918                strlen
 .text          0x00000000000009b0        0x0 /home/estape/intelFPGA_lite/18.1/nios2eds/bin/gnu/H-x86_64-pc-linux-gnu/bin/../lib/gcc/nios2-elf/5.3.0/../../../../../H-x86_64-pc-linux-gnu/nios2-elf/lib/mno-hw-mul/libc.a(lib_a-__call_atexit.o)
 .text.__call_exitprocs
                0x00000000000009b0      0x180 /home/estape/intelFPGA_lite/18.1/nios2eds/bin/gnu/H-x86_64-pc-linux-gnu/bin/../lib/gcc/nios2-elf/5.3.0/../../../../../H-x86_64-pc-linux-gnu/nios2-elf/lib/mno-hw-mul/libc.a(lib_a-__call_atexit.o)
                0x00000000000009b0                __call_exitprocs
 .text          0x0000000000000b30        0x0 /home/estape/intelFPGA_lite/18.1/nios2eds/bin/gnu/H-x86_64-pc-linux-gnu/bin/../lib/gcc/nios2-elf/5.3.0/../../../../../H-x86_64-pc-linux-gnu/nios2-elf/lib/mno-hw-mul/libc.a(lib_a-findfp.o)
 .text.__fp_unlock
                0x0000000000000b30        0x8 /home/estape/intelFPGA_lite/18.1/nios2eds/bin/gnu/H-x86_64-pc-linux-gnu/bin/../lib/gcc/nios2-elf/5.3.0/../../../../../H-x86_64-pc-linux-gnu/nios2-elf/lib/mno-hw-mul/libc.a(lib_a-findfp.o)
 .text._cleanup_r
                0x0000000000000b38        0xc /home/estape/intelFPGA_lite/18.1/nios2eds/bin/gnu/H-x86_64-pc-linux-gnu/bin/../lib/gcc/nios2-elf/5.3.0/../../../../../H-x86_64-pc-linux-gnu/nios2-elf/lib/mno-hw-mul/libc.a(lib_a-findfp.o)
                0x0000000000000b38                _cleanup_r
 .text.__sinit.part.1
                0x0000000000000b44      0x19c /home/estape/intelFPGA_lite/18.1/nios2eds/bin/gnu/H-x86_64-pc-linux-gnu/bin/../lib/gcc/nios2-elf/5.3.0/../../../../../H-x86_64-pc-linux-gnu/nios2-elf/lib/mno-hw-mul/libc.a(lib_a-findfp.o)
 .text.__fp_lock
                0x0000000000000ce0        0x8 /home/estape/intelFPGA_lite/18.1/nios2eds/bin/gnu/H-x86_64-pc-linux-gnu/bin/../lib/gcc/nios2-elf/5.3.0/../../../../../H-x86_64-pc-linux-gnu/nios2-elf/lib/mno-hw-mul/libc.a(lib_a-findfp.o)
 .text.__sfmoreglue
                0x0000000000000ce8       0x78 /home/estape/intelFPGA_lite/18.1/nios2eds/bin/gnu/H-x86_64-pc-linux-gnu/bin/../lib/gcc/nios2-elf/5.3.0/../../../../../H-x86_64-pc-linux-gnu/nios2-elf/lib/mno-hw-mul/libc.a(lib_a-findfp.o)
                0x0000000000000ce8                __sfmoreglue
 .text.__sfp    0x0000000000000d60      0x118 /home/estape/intelFPGA_lite/18.1/nios2eds/bin/gnu/H-x86_64-pc-linux-gnu/bin/../lib/gcc/nios2-elf/5.3.0/../../../../../H-x86_64-pc-linux-gnu/nios2-elf/lib/mno-hw-mul/libc.a(lib_a-findfp.o)
                0x0000000000000d60                __sfp
 .text._cleanup
                0x0000000000000e78       0x18 /home/estape/intelFPGA_lite/18.1/nios2eds/bin/gnu/H-x86_64-pc-linux-gnu/bin/../lib/gcc/nios2-elf/5.3.0/../../../../../H-x86_64-pc-linux-gnu/nios2-elf/lib/mno-hw-mul/libc.a(lib_a-findfp.o)
                0x0000000000000e78                _cleanup
 .text.__sinit  0x0000000000000e90       0x10 /home/estape/intelFPGA_lite/18.1/nios2eds/bin/gnu/H-x86_64-pc-linux-gnu/bin/../lib/gcc/nios2-elf/5.3.0/../../../../../H-x86_64-pc-linux-gnu/nios2-elf/lib/mno-hw-mul/libc.a(lib_a-findfp.o)
                0x0000000000000e90                __sinit
 .text.__sfp_lock_acquire
                0x0000000000000ea0        0x4 /home/estape/intelFPGA_lite/18.1/nios2eds/bin/gnu/H-x86_64-pc-linux-gnu/bin/../lib/gcc/nios2-elf/5.3.0/../../../../../H-x86_64-pc-linux-gnu/nios2-elf/lib/mno-hw-mul/libc.a(lib_a-findfp.o)
                0x0000000000000ea0                __sfp_lock_acquire
 .text.__sfp_lock_release
                0x0000000000000ea4        0x4 /home/estape/intelFPGA_lite/18.1/nios2eds/bin/gnu/H-x86_64-pc-linux-gnu/bin/../lib/gcc/nios2-elf/5.3.0/../../../../../H-x86_64-pc-linux-gnu/nios2-elf/lib/mno-hw-mul/libc.a(lib_a-findfp.o)
                0x0000000000000ea4                __sfp_lock_release
 .text.__sinit_lock_acquire
                0x0000000000000ea8        0x4 /home/estape/intelFPGA_lite/18.1/nios2eds/bin/gnu/H-x86_64-pc-linux-gnu/bin/../lib/gcc/nios2-elf/5.3.0/../../../../../H-x86_64-pc-linux-gnu/nios2-elf/lib/mno-hw-mul/libc.a(lib_a-findfp.o)
                0x0000000000000ea8                __sinit_lock_acquire
 .text.__sinit_lock_release
                0x0000000000000eac        0x4 /home/estape/intelFPGA_lite/18.1/nios2eds/bin/gnu/H-x86_64-pc-linux-gnu/bin/../lib/gcc/nios2-elf/5.3.0/../../../../../H-x86_64-pc-linux-gnu/nios2-elf/lib/mno-hw-mul/libc.a(lib_a-findfp.o)
                0x0000000000000eac                __sinit_lock_release
 .text.__fp_lock_all
                0x0000000000000eb0       0x18 /home/estape/intelFPGA_lite/18.1/nios2eds/bin/gnu/H-x86_64-pc-linux-gnu/bin/../lib/gcc/nios2-elf/5.3.0/../../../../../H-x86_64-pc-linux-gnu/nios2-elf/lib/mno-hw-mul/libc.a(lib_a-findfp.o)
                0x0000000000000eb0                __fp_lock_all
 .text.__fp_unlock_all
                0x0000000000000ec8       0x18 /home/estape/intelFPGA_lite/18.1/nios2eds/bin/gnu/H-x86_64-pc-linux-gnu/bin/../lib/gcc/nios2-elf/5.3.0/../../../../../H-x86_64-pc-linux-gnu/nios2-elf/lib/mno-hw-mul/libc.a(lib_a-findfp.o)
                0x0000000000000ec8                __fp_unlock_all
 .text          0x0000000000000ee0        0x0 /home/estape/intelFPGA_lite/18.1/nios2eds/bin/gnu/H-x86_64-pc-linux-gnu/bin/../lib/gcc/nios2-elf/5.3.0/../../../../../H-x86_64-pc-linux-gnu/nios2-elf/lib/mno-hw-mul/libc.a(lib_a-fvwrite.o)
 .text.__sfvwrite_r
                0x0000000000000ee0      0x4c8 /home/estape/intelFPGA_lite/18.1/nios2eds/bin/gnu/H-x86_64-pc-linux-gnu/bin/../lib/gcc/nios2-elf/5.3.0/../../../../../H-x86_64-pc-linux-gnu/nios2-elf/lib/mno-hw-mul/libc.a(lib_a-fvwrite.o)
                0x0000000000000ee0                __sfvwrite_r
 .text          0x00000000000013a8        0x0 /home/estape/intelFPGA_lite/18.1/nios2eds/bin/gnu/H-x86_64-pc-linux-gnu/bin/../lib/gcc/nios2-elf/5.3.0/../../../../../H-x86_64-pc-linux-gnu/nios2-elf/lib/mno-hw-mul/libc.a(lib_a-fwalk.o)
 .text._fwalk   0x00000000000013a8       0xc4 /home/estape/intelFPGA_lite/18.1/nios2eds/bin/gnu/H-x86_64-pc-linux-gnu/bin/../lib/gcc/nios2-elf/5.3.0/../../../../../H-x86_64-pc-linux-gnu/nios2-elf/lib/mno-hw-mul/libc.a(lib_a-fwalk.o)
                0x00000000000013a8                _fwalk
 .text._fwalk_reent
                0x000000000000146c       0xc4 /home/estape/intelFPGA_lite/18.1/nios2eds/bin/gnu/H-x86_64-pc-linux-gnu/bin/../lib/gcc/nios2-elf/5.3.0/../../../../../H-x86_64-pc-linux-gnu/nios2-elf/lib/mno-hw-mul/libc.a(lib_a-fwalk.o)
                0x000000000000146c                _fwalk_reent
 .text          0x0000000000001530        0x0 /home/estape/intelFPGA_lite/18.1/nios2eds/bin/gnu/H-x86_64-pc-linux-gnu/bin/../lib/gcc/nios2-elf/5.3.0/../../../../../H-x86_64-pc-linux-gnu/nios2-elf/lib/mno-hw-mul/libc.a(lib_a-mallocr.o)
 .text._malloc_r
                0x0000000000001530      0x80c /home/estape/intelFPGA_lite/18.1/nios2eds/bin/gnu/H-x86_64-pc-linux-gnu/bin/../lib/gcc/nios2-elf/5.3.0/../../../../../H-x86_64-pc-linux-gnu/nios2-elf/lib/mno-hw-mul/libc.a(lib_a-mallocr.o)
                0x0000000000001530                _malloc_r
 .text          0x0000000000001d3c        0x0 /home/estape/intelFPGA_lite/18.1/nios2eds/bin/gnu/H-x86_64-pc-linux-gnu/bin/../lib/gcc/nios2-elf/5.3.0/../../../../../H-x86_64-pc-linux-gnu/nios2-elf/lib/mno-hw-mul/libc.a(lib_a-memchr.o)
 .text.memchr   0x0000000000001d3c       0xe4 /home/estape/intelFPGA_lite/18.1/nios2eds/bin/gnu/H-x86_64-pc-linux-gnu/bin/../lib/gcc/nios2-elf/5.3.0/../../../../../H-x86_64-pc-linux-gnu/nios2-elf/lib/mno-hw-mul/libc.a(lib_a-memchr.o)
                0x0000000000001d3c                memchr
 .text          0x0000000000001e20        0x0 /home/estape/intelFPGA_lite/18.1/nios2eds/bin/gnu/H-x86_64-pc-linux-gnu/bin/../lib/gcc/nios2-elf/5.3.0/../../../../../H-x86_64-pc-linux-gnu/nios2-elf/lib/mno-hw-mul/libc.a(lib_a-memcpy.o)
 .text.memcpy   0x0000000000001e20      0x148 /home/estape/intelFPGA_lite/18.1/nios2eds/bin/gnu/H-x86_64-pc-linux-gnu/bin/../lib/gcc/nios2-elf/5.3.0/../../../../../H-x86_64-pc-linux-gnu/nios2-elf/lib/mno-hw-mul/libc.a(lib_a-memcpy.o)
                0x0000000000001e20                memcpy
 .text          0x0000000000001f68        0x0 /home/estape/intelFPGA_lite/18.1/nios2eds/bin/gnu/H-x86_64-pc-linux-gnu/bin/../lib/gcc/nios2-elf/5.3.0/../../../../../H-x86_64-pc-linux-gnu/nios2-elf/lib/mno-hw-mul/libc.a(lib_a-memmove.o)
 .text.memmove  0x0000000000001f68      0x15c /home/estape/intelFPGA_lite/18.1/nios2eds/bin/gnu/H-x86_64-pc-linux-gnu/bin/../lib/gcc/nios2-elf/5.3.0/../../../../../H-x86_64-pc-linux-gnu/nios2-elf/lib/mno-hw-mul/libc.a(lib_a-memmove.o)
                0x0000000000001f68                memmove
 .text          0x00000000000020c4        0x0 /home/estape/intelFPGA_lite/18.1/nios2eds/bin/gnu/H-x86_64-pc-linux-gnu/bin/../lib/gcc/nios2-elf/5.3.0/../../../../../H-x86_64-pc-linux-gnu/nios2-elf/lib/mno-hw-mul/libc.a(lib_a-memset.o)
 .text.memset   0x00000000000020c4      0x128 /home/estape/intelFPGA_lite/18.1/nios2eds/bin/gnu/H-x86_64-pc-linux-gnu/bin/../lib/gcc/nios2-elf/5.3.0/../../../../../H-x86_64-pc-linux-gnu/nios2-elf/lib/mno-hw-mul/libc.a(lib_a-memset.o)
                0x00000000000020c4                memset
 .text          0x00000000000021ec        0x0 /home/estape/intelFPGA_lite/18.1/nios2eds/bin/gnu/H-x86_64-pc-linux-gnu/bin/../lib/gcc/nios2-elf/5.3.0/../../../../../H-x86_64-pc-linux-gnu/nios2-elf/lib/mno-hw-mul/libc.a(lib_a-reallocr.o)
 .text._realloc_r
                0x00000000000021ec      0x564 /home/estape/intelFPGA_lite/18.1/nios2eds/bin/gnu/H-x86_64-pc-linux-gnu/bin/../lib/gcc/nios2-elf/5.3.0/../../../../../H-x86_64-pc-linux-gnu/nios2-elf/lib/mno-hw-mul/libc.a(lib_a-reallocr.o)
                0x00000000000021ec                _realloc_r
 .text          0x0000000000002750        0x0 /home/estape/intelFPGA_lite/18.1/nios2eds/bin/gnu/H-x86_64-pc-linux-gnu/bin/../lib/gcc/nios2-elf/5.3.0/../../../../../H-x86_64-pc-linux-gnu/nios2-elf/lib/mno-hw-mul/libc.a(lib_a-sbrkr.o)
 .text._sbrk_r  0x0000000000002750       0x54 /home/estape/intelFPGA_lite/18.1/nios2eds/bin/gnu/H-x86_64-pc-linux-gnu/bin/../lib/gcc/nios2-elf/5.3.0/../../../../../H-x86_64-pc-linux-gnu/nios2-elf/lib/mno-hw-mul/libc.a(lib_a-sbrkr.o)
                0x0000000000002750                _sbrk_r
 .text          0x00000000000027a4        0x0 /home/estape/intelFPGA_lite/18.1/nios2eds/bin/gnu/H-x86_64-pc-linux-gnu/bin/../lib/gcc/nios2-elf/5.3.0/../../../../../H-x86_64-pc-linux-gnu/nios2-elf/lib/mno-hw-mul/libc.a(lib_a-stdio.o)
 .text.__sread  0x00000000000027a4       0x54 /home/estape/intelFPGA_lite/18.1/nios2eds/bin/gnu/H-x86_64-pc-linux-gnu/bin/../lib/gcc/nios2-elf/5.3.0/../../../../../H-x86_64-pc-linux-gnu/nios2-elf/lib/mno-hw-mul/libc.a(lib_a-stdio.o)
                0x00000000000027a4                __sread
 .text.__seofread
                0x00000000000027f8        0x8 /home/estape/intelFPGA_lite/18.1/nios2eds/bin/gnu/H-x86_64-pc-linux-gnu/bin/../lib/gcc/nios2-elf/5.3.0/../../../../../H-x86_64-pc-linux-gnu/nios2-elf/lib/mno-hw-mul/libc.a(lib_a-stdio.o)
                0x00000000000027f8                __seofread
 .text.__swrite
                0x0000000000002800       0x7c /home/estape/intelFPGA_lite/18.1/nios2eds/bin/gnu/H-x86_64-pc-linux-gnu/bin/../lib/gcc/nios2-elf/5.3.0/../../../../../H-x86_64-pc-linux-gnu/nios2-elf/lib/mno-hw-mul/libc.a(lib_a-stdio.o)
                0x0000000000002800                __swrite
 .text.__sseek  0x000000000000287c       0x5c /home/estape/intelFPGA_lite/18.1/nios2eds/bin/gnu/H-x86_64-pc-linux-gnu/bin/../lib/gcc/nios2-elf/5.3.0/../../../../../H-x86_64-pc-linux-gnu/nios2-elf/lib/mno-hw-mul/libc.a(lib_a-stdio.o)
                0x000000000000287c                __sseek
 .text.__sclose
                0x00000000000028d8        0x8 /home/estape/intelFPGA_lite/18.1/nios2eds/bin/gnu/H-x86_64-pc-linux-gnu/bin/../lib/gcc/nios2-elf/5.3.0/../../../../../H-x86_64-pc-linux-gnu/nios2-elf/lib/mno-hw-mul/libc.a(lib_a-stdio.o)
                0x00000000000028d8                __sclose
 .text          0x00000000000028e0        0x0 /home/estape/intelFPGA_lite/18.1/nios2eds/bin/gnu/H-x86_64-pc-linux-gnu/bin/../lib/gcc/nios2-elf/5.3.0/../../../../../H-x86_64-pc-linux-gnu/nios2-elf/lib/mno-hw-mul/libc.a(lib_a-writer.o)
 .text._write_r
                0x00000000000028e0       0x60 /home/estape/intelFPGA_lite/18.1/nios2eds/bin/gnu/H-x86_64-pc-linux-gnu/bin/../lib/gcc/nios2-elf/5.3.0/../../../../../H-x86_64-pc-linux-gnu/nios2-elf/lib/mno-hw-mul/libc.a(lib_a-writer.o)
                0x00000000000028e0                _write_r
 .text          0x0000000000002940        0x0 /home/estape/intelFPGA_lite/18.1/nios2eds/bin/gnu/H-x86_64-pc-linux-gnu/bin/../lib/gcc/nios2-elf/5.3.0/../../../../../H-x86_64-pc-linux-gnu/nios2-elf/lib/mno-hw-mul/libc.a(lib_a-wsetup.o)
 .text.__swsetup_r
                0x0000000000002940      0x154 /home/estape/intelFPGA_lite/18.1/nios2eds/bin/gnu/H-x86_64-pc-linux-gnu/bin/../lib/gcc/nios2-elf/5.3.0/../../../../../H-x86_64-pc-linux-gnu/nios2-elf/lib/mno-hw-mul/libc.a(lib_a-wsetup.o)
                0x0000000000002940                __swsetup_r
 .text          0x0000000000002a94        0x0 /home/estape/intelFPGA_lite/18.1/nios2eds/bin/gnu/H-x86_64-pc-linux-gnu/bin/../lib/gcc/nios2-elf/5.3.0/../../../../../H-x86_64-pc-linux-gnu/nios2-elf/lib/mno-hw-mul/libc.a(closer.o)
 .text._close_r
                0x0000000000002a94       0x54 /home/estape/intelFPGA_lite/18.1/nios2eds/bin/gnu/H-x86_64-pc-linux-gnu/bin/../lib/gcc/nios2-elf/5.3.0/../../../../../H-x86_64-pc-linux-gnu/nios2-elf/lib/mno-hw-mul/libc.a(closer.o)
                0x0000000000002a94                _close_r
 .text          0x0000000000002ae8        0x0 /home/estape/intelFPGA_lite/18.1/nios2eds/bin/gnu/H-x86_64-pc-linux-gnu/bin/../lib/gcc/nios2-elf/5.3.0/../../../../../H-x86_64-pc-linux-gnu/nios2-elf/lib/mno-hw-mul/libc.a(lib_a-fclose.o)
 .text._fclose_r
                0x0000000000002ae8       0xf0 /home/estape/intelFPGA_lite/18.1/nios2eds/bin/gnu/H-x86_64-pc-linux-gnu/bin/../lib/gcc/nios2-elf/5.3.0/../../../../../H-x86_64-pc-linux-gnu/nios2-elf/lib/mno-hw-mul/libc.a(lib_a-fclose.o)
                0x0000000000002ae8                _fclose_r
 .text.fclose   0x0000000000002bd8       0x14 /home/estape/intelFPGA_lite/18.1/nios2eds/bin/gnu/H-x86_64-pc-linux-gnu/bin/../lib/gcc/nios2-elf/5.3.0/../../../../../H-x86_64-pc-linux-gnu/nios2-elf/lib/mno-hw-mul/libc.a(lib_a-fclose.o)
                0x0000000000002bd8                fclose
 .text          0x0000000000002bec        0x0 /home/estape/intelFPGA_lite/18.1/nios2eds/bin/gnu/H-x86_64-pc-linux-gnu/bin/../lib/gcc/nios2-elf/5.3.0/../../../../../H-x86_64-pc-linux-gnu/nios2-elf/lib/mno-hw-mul/libc.a(lib_a-fflush.o)
 .text.__sflush_r
                0x0000000000002bec      0x21c /home/estape/intelFPGA_lite/18.1/nios2eds/bin/gnu/H-x86_64-pc-linux-gnu/bin/../lib/gcc/nios2-elf/5.3.0/../../../../../H-x86_64-pc-linux-gnu/nios2-elf/lib/mno-hw-mul/libc.a(lib_a-fflush.o)
                0x0000000000002bec                __sflush_r
 .text._fflush_r
                0x0000000000002e08       0x5c /home/estape/intelFPGA_lite/18.1/nios2eds/bin/gnu/H-x86_64-pc-linux-gnu/bin/../lib/gcc/nios2-elf/5.3.0/../../../../../H-x86_64-pc-linux-gnu/nios2-elf/lib/mno-hw-mul/libc.a(lib_a-fflush.o)
                0x0000000000002e08                _fflush_r
 .text.fflush   0x0000000000002e64       0x30 /home/estape/intelFPGA_lite/18.1/nios2eds/bin/gnu/H-x86_64-pc-linux-gnu/bin/../lib/gcc/nios2-elf/5.3.0/../../../../../H-x86_64-pc-linux-gnu/nios2-elf/lib/mno-hw-mul/libc.a(lib_a-fflush.o)
                0x0000000000002e64                fflush
 .text          0x0000000000002e94        0x0 /home/estape/intelFPGA_lite/18.1/nios2eds/bin/gnu/H-x86_64-pc-linux-gnu/bin/../lib/gcc/nios2-elf/5.3.0/../../../../../H-x86_64-pc-linux-gnu/nios2-elf/lib/mno-hw-mul/libc.a(lib_a-freer.o)
 .text._malloc_trim_r
                0x0000000000002e94      0x124 /home/estape/intelFPGA_lite/18.1/nios2eds/bin/gnu/H-x86_64-pc-linux-gnu/bin/../lib/gcc/nios2-elf/5.3.0/../../../../../H-x86_64-pc-linux-gnu/nios2-elf/lib/mno-hw-mul/libc.a(lib_a-freer.o)
                0x0000000000002e94                _malloc_trim_r
 .text._free_r  0x0000000000002fb8      0x310 /home/estape/intelFPGA_lite/18.1/nios2eds/bin/gnu/H-x86_64-pc-linux-gnu/bin/../lib/gcc/nios2-elf/5.3.0/../../../../../H-x86_64-pc-linux-gnu/nios2-elf/lib/mno-hw-mul/libc.a(lib_a-freer.o)
                0x0000000000002fb8                _free_r
 .text          0x00000000000032c8        0x0 /home/estape/intelFPGA_lite/18.1/nios2eds/bin/gnu/H-x86_64-pc-linux-gnu/bin/../lib/gcc/nios2-elf/5.3.0/../../../../../H-x86_64-pc-linux-gnu/nios2-elf/lib/mno-hw-mul/libc.a(lib_a-int_errno.o)
 .text          0x00000000000032c8        0x0 /home/estape/intelFPGA_lite/18.1/nios2eds/bin/gnu/H-x86_64-pc-linux-gnu/bin/../lib/gcc/nios2-elf/5.3.0/../../../../../H-x86_64-pc-linux-gnu/nios2-elf/lib/mno-hw-mul/libc.a(lib_a-lseekr.o)
 .text._lseek_r
                0x00000000000032c8       0x60 /home/estape/intelFPGA_lite/18.1/nios2eds/bin/gnu/H-x86_64-pc-linux-gnu/bin/../lib/gcc/nios2-elf/5.3.0/../../../../../H-x86_64-pc-linux-gnu/nios2-elf/lib/mno-hw-mul/libc.a(lib_a-lseekr.o)
                0x00000000000032c8                _lseek_r
 .text          0x0000000000003328        0x0 /home/estape/intelFPGA_lite/18.1/nios2eds/bin/gnu/H-x86_64-pc-linux-gnu/bin/../lib/gcc/nios2-elf/5.3.0/../../../../../H-x86_64-pc-linux-gnu/nios2-elf/lib/mno-hw-mul/libc.a(lib_a-makebuf.o)
 .text.__smakebuf_r
                0x0000000000003328      0x1bc /home/estape/intelFPGA_lite/18.1/nios2eds/bin/gnu/H-x86_64-pc-linux-gnu/bin/../lib/gcc/nios2-elf/5.3.0/../../../../../H-x86_64-pc-linux-gnu/nios2-elf/lib/mno-hw-mul/libc.a(lib_a-makebuf.o)
                0x0000000000003328                __smakebuf_r
 .text          0x00000000000034e4        0x0 /home/estape/intelFPGA_lite/18.1/nios2eds/bin/gnu/H-x86_64-pc-linux-gnu/bin/../lib/gcc/nios2-elf/5.3.0/../../../../../H-x86_64-pc-linux-gnu/nios2-elf/lib/mno-hw-mul/libc.a(lib_a-readr.o)
 .text._read_r  0x00000000000034e4       0x60 /home/estape/intelFPGA_lite/18.1/nios2eds/bin/gnu/H-x86_64-pc-linux-gnu/bin/../lib/gcc/nios2-elf/5.3.0/../../../../../H-x86_64-pc-linux-gnu/nios2-elf/lib/mno-hw-mul/libc.a(lib_a-readr.o)
                0x00000000000034e4                _read_r
 .text          0x0000000000003544        0x0 /home/estape/intelFPGA_lite/18.1/nios2eds/bin/gnu/H-x86_64-pc-linux-gnu/bin/../lib/gcc/nios2-elf/5.3.0/../../../../../H-x86_64-pc-linux-gnu/nios2-elf/lib/mno-hw-mul/libc.a(lib_a-fstatr.o)
 .text._fstat_r
                0x0000000000003544       0x5c /home/estape/intelFPGA_lite/18.1/nios2eds/bin/gnu/H-x86_64-pc-linux-gnu/bin/../lib/gcc/nios2-elf/5.3.0/../../../../../H-x86_64-pc-linux-gnu/nios2-elf/lib/mno-hw-mul/libc.a(lib_a-fstatr.o)
                0x0000000000003544                _fstat_r
 .text          0x00000000000035a0        0x0 /home/estape/intelFPGA_lite/18.1/nios2eds/bin/gnu/H-x86_64-pc-linux-gnu/bin/../lib/gcc/nios2-elf/5.3.0/../../../../../H-x86_64-pc-linux-gnu/nios2-elf/lib/mno-hw-mul/libc.a(lib_a-isattyr.o)
 .text._isatty_r
                0x00000000000035a0       0x54 /home/estape/intelFPGA_lite/18.1/nios2eds/bin/gnu/H-x86_64-pc-linux-gnu/bin/../lib/gcc/nios2-elf/5.3.0/../../../../../H-x86_64-pc-linux-gnu/nios2-elf/lib/mno-hw-mul/libc.a(lib_a-isattyr.o)
                0x00000000000035a0                _isatty_r
 .text          0x00000000000035f4      0x1b4 /home/estape/intelFPGA_lite/18.1/nios2eds/bin/gnu/H-x86_64-pc-linux-gnu/bin/../lib/gcc/nios2-elf/5.3.0/mno-hw-mul/libgcc.a(lib2-divmod.o)
                0x00000000000035f4                __divsi3
                0x0000000000003678                __modsi3
                0x00000000000036ec                __udivsi3
                0x0000000000003750                __umodsi3
 .text          0x00000000000037a8      0x114 ../denoise_nios_bsp//libhal_bsp.a(alt_close.o)
                0x00000000000037e4                close
 .text          0x00000000000038bc       0x2c ../denoise_nios_bsp//libhal_bsp.a(alt_dev.o)
 .text          0x00000000000038e8        0x0 ../denoise_nios_bsp//libhal_bsp.a(alt_errno.o)
 .text          0x00000000000038e8       0x34 ../denoise_nios_bsp//libhal_bsp.a(alt_exit.o)
                0x00000000000038e8                _exit
 .text          0x000000000000391c       0xf4 ../denoise_nios_bsp//libhal_bsp.a(alt_fstat.o)
                0x0000000000003958                fstat
 .text          0x0000000000003a10       0xe8 ../denoise_nios_bsp//libhal_bsp.a(alt_isatty.o)
                0x0000000000003a4c                isatty
 .text          0x0000000000003af8       0xec ../denoise_nios_bsp//libhal_bsp.a(alt_load.o)
                0x0000000000003b60                alt_load
 .text          0x0000000000003be4      0x118 ../denoise_nios_bsp//libhal_bsp.a(alt_lseek.o)
                0x0000000000003c20                lseek
 .text          0x0000000000003cfc       0x7c ../denoise_nios_bsp//libhal_bsp.a(alt_main.o)
                0x0000000000003cfc                alt_main
 .text          0x0000000000003d78       0x48 ../denoise_nios_bsp//libhal_bsp.a(alt_malloc_lock.o)
                0x0000000000003d78                __malloc_lock
                0x0000000000003d9c                __malloc_unlock
 .text          0x0000000000003dc0      0x140 ../denoise_nios_bsp//libhal_bsp.a(alt_read.o)
                0x0000000000003dfc                read
 .text          0x0000000000003f00       0x84 ../denoise_nios_bsp//libhal_bsp.a(alt_release_fd.o)
                0x0000000000003f00                alt_release_fd
 .text          0x0000000000003f84       0xb0 ../denoise_nios_bsp//libhal_bsp.a(alt_sbrk.o)
                0x0000000000003f84                sbrk
 .text          0x0000000000004034      0x13c ../denoise_nios_bsp//libhal_bsp.a(alt_write.o)
                0x0000000000004070                write
 .text          0x0000000000004170       0xb8 ../denoise_nios_bsp//libhal_bsp.a(alt_sys_init.o)
                0x00000000000041a4                alt_irq_init
                0x00000000000041dc                alt_sys_init
 .text          0x0000000000004228      0x164 ../denoise_nios_bsp//libhal_bsp.a(altera_avalon_jtag_uart_fd.o)
                0x0000000000004228                altera_avalon_jtag_uart_read_fd
                0x0000000000004288                altera_avalon_jtag_uart_write_fd
                0x00000000000042e8                altera_avalon_jtag_uart_close_fd
                0x0000000000004338                altera_avalon_jtag_uart_ioctl_fd
 .text          0x000000000000438c      0x3d4 ../denoise_nios_bsp//libhal_bsp.a(altera_avalon_jtag_uart_init.o)
                0x000000000000438c                altera_avalon_jtag_uart_init
                0x00000000000046f8                altera_avalon_jtag_uart_close
 .text          0x0000000000004760       0xf0 ../denoise_nios_bsp//libhal_bsp.a(altera_avalon_jtag_uart_ioctl.o)
                0x0000000000004760                altera_avalon_jtag_uart_ioctl
 .text          0x0000000000004850      0x21c ../denoise_nios_bsp//libhal_bsp.a(altera_avalon_jtag_uart_read.o)
                0x0000000000004850                altera_avalon_jtag_uart_read
 .text          0x0000000000004a6c      0x224 ../denoise_nios_bsp//libhal_bsp.a(altera_avalon_jtag_uart_write.o)
                0x0000000000004a6c                altera_avalon_jtag_uart_write
 .text          0x0000000000004c90      0x12c ../denoise_nios_bsp//libhal_bsp.a(alt_alarm_start.o)
                0x0000000000004c90                alt_alarm_start
 .text          0x0000000000004dbc       0x20 ../denoise_nios_bsp//libhal_bsp.a(alt_dcache_flush_all.o)
                0x0000000000004dbc                alt_dcache_flush_all
 .text          0x0000000000004ddc       0xe0 ../denoise_nios_bsp//libhal_bsp.a(alt_dev_llist_insert.o)
                0x0000000000004e18                alt_dev_llist_insert
 .text          0x0000000000004ebc       0x60 ../denoise_nios_bsp//libhal_bsp.a(alt_do_ctors.o)
                0x0000000000004ebc                _do_ctors
 .text          0x0000000000004f1c       0x60 ../denoise_nios_bsp//libhal_bsp.a(alt_do_dtors.o)
                0x0000000000004f1c                _do_dtors
 .text          0x0000000000004f7c       0x20 ../denoise_nios_bsp//libhal_bsp.a(alt_icache_flush_all.o)
                0x0000000000004f7c                alt_icache_flush_all
 .text          0x0000000000004f9c      0x1b0 ../denoise_nios_bsp//libhal_bsp.a(alt_iic.o)
                0x0000000000004f9c                alt_ic_isr_register
                0x0000000000004fec                alt_ic_irq_enable
                0x0000000000005074                alt_ic_irq_disable
                0x0000000000005100                alt_ic_irq_enabled
 .text          0x000000000000514c       0xf0 ../denoise_nios_bsp//libhal_bsp.a(alt_iic_isr_register.o)
                0x000000000000514c                alt_iic_isr_register
 .text          0x000000000000523c      0x160 ../denoise_nios_bsp//libhal_bsp.a(alt_io_redirect.o)
                0x0000000000005320                alt_io_redirect
 .text          0x000000000000539c        0x0 ../denoise_nios_bsp//libhal_bsp.a(alt_irq_entry.o)
 .text          0x000000000000539c        0x0 ../denoise_nios_bsp//libhal_bsp.a(alt_irq_handler.o)
 .text          0x000000000000539c        0x0 ../denoise_nios_bsp//libhal_bsp.a(alt_irq_vars.o)
 .text          0x000000000000539c      0x284 ../denoise_nios_bsp//libhal_bsp.a(alt_open.o)
                0x00000000000054c4                open
 .text          0x0000000000005620      0x1a4 ../denoise_nios_bsp//libhal_bsp.a(alt_tick.o)
                0x0000000000005620                alt_alarm_stop
                0x00000000000056bc                alt_tick
 .text          0x00000000000057c4       0x24 ../denoise_nios_bsp//libhal_bsp.a(altera_nios2_gen2_irq.o)
                0x00000000000057c4                altera_nios2_gen2_irq_init
 .text          0x00000000000057e8        0x0 ../denoise_nios_bsp//libhal_bsp.a(alt_exception_entry.o)
 .text          0x00000000000057e8       0x90 ../denoise_nios_bsp//libhal_bsp.a(alt_find_dev.o)
                0x00000000000057e8                alt_find_dev
 .text          0x0000000000005878      0x108 ../denoise_nios_bsp//libhal_bsp.a(alt_find_file.o)
                0x0000000000005878                alt_find_file
 .text          0x0000000000005980       0xc4 ../denoise_nios_bsp//libhal_bsp.a(alt_get_fd.o)
                0x0000000000005980                alt_get_fd
 .text          0x0000000000005a44       0x9c ../denoise_nios_bsp//libhal_bsp.a(alt_instruction_exception_entry.o)
                0x0000000000005a44                alt_exception_cause_generated_bad_addr
 .text          0x0000000000005ae0        0x0 /home/estape/intelFPGA_lite/18.1/nios2eds/bin/gnu/H-x86_64-pc-linux-gnu/bin/../lib/gcc/nios2-elf/5.3.0/../../../../../H-x86_64-pc-linux-gnu/nios2-elf/lib/mno-hw-mul/libc.a(lib_a-atexit.o)
 .text.atexit   0x0000000000005ae0       0x14 /home/estape/intelFPGA_lite/18.1/nios2eds/bin/gnu/H-x86_64-pc-linux-gnu/bin/../lib/gcc/nios2-elf/5.3.0/../../../../../H-x86_64-pc-linux-gnu/nios2-elf/lib/mno-hw-mul/libc.a(lib_a-atexit.o)
                0x0000000000005ae0                atexit
 .text          0x0000000000005af4        0x0 /home/estape/intelFPGA_lite/18.1/nios2eds/bin/gnu/H-x86_64-pc-linux-gnu/bin/../lib/gcc/nios2-elf/5.3.0/../../../../../H-x86_64-pc-linux-gnu/nios2-elf/lib/mno-hw-mul/libc.a(lib_a-memcmp.o)
 .text.memcmp   0x0000000000005af4       0x7c /home/estape/intelFPGA_lite/18.1/nios2eds/bin/gnu/H-x86_64-pc-linux-gnu/bin/../lib/gcc/nios2-elf/5.3.0/../../../../../H-x86_64-pc-linux-gnu/nios2-elf/lib/mno-hw-mul/libc.a(lib_a-memcmp.o)
                0x0000000000005af4                memcmp
 .text          0x0000000000005b70        0x0 /home/estape/intelFPGA_lite/18.1/nios2eds/bin/gnu/H-x86_64-pc-linux-gnu/bin/../lib/gcc/nios2-elf/5.3.0/../../../../../H-x86_64-pc-linux-gnu/nios2-elf/lib/mno-hw-mul/libc.a(lib_a-__atexit.o)
 .text.__register_exitproc
                0x0000000000005b70      0x118 /home/estape/intelFPGA_lite/18.1/nios2eds/bin/gnu/H-x86_64-pc-linux-gnu/bin/../lib/gcc/nios2-elf/5.3.0/../../../../../H-x86_64-pc-linux-gnu/nios2-elf/lib/mno-hw-mul/libc.a(lib_a-__atexit.o)
                0x0000000000005b70                __register_exitproc
 *(.gnu.warning.*)
 *(.fini)
                [!provide]                        PROVIDE (__etext, ABSOLUTE (.))
                [!provide]                        PROVIDE (_etext, ABSOLUTE (.))
                [!provide]                        PROVIDE (etext, ABSOLUTE (.))
 *(.eh_frame_hdr)
                0x0000000000005c88                . = ALIGN (0x4)
                [!provide]                        PROVIDE (__preinit_array_start, ABSOLUTE (.))
 *(.preinit_array)
                [!provide]                        PROVIDE (__preinit_array_end, ABSOLUTE (.))
                [!provide]                        PROVIDE (__init_array_start, ABSOLUTE (.))
 *(.init_array)
                [!provide]                        PROVIDE (__init_array_end, ABSOLUTE (.))
                [!provide]                        PROVIDE (__fini_array_start, ABSOLUTE (.))
 *(.fini_array)
                [!provide]                        PROVIDE (__fini_array_end, ABSOLUTE (.))
 *(.eh_frame)
 *(.gcc_except_table .gcc_except_table.*)
 *(.dynamic)
                0x0000000000005c88                PROVIDE (__CTOR_LIST__, ABSOLUTE (.))
 *(.ctors)
 *(SORT(.ctors.*))
                0x0000000000005c88                PROVIDE (__CTOR_END__, ABSOLUTE (.))
                0x0000000000005c88                PROVIDE (__DTOR_LIST__, ABSOLUTE (.))
 *(.dtors)
 *(SORT(.dtors.*))
                0x0000000000005c88                PROVIDE (__DTOR_END__, ABSOLUTE (.))
 *(.jcr)
                0x0000000000005c88                . = ALIGN (0x4)

.rodata         0x0000000004000000       0x5c load address 0x0000000000005c88
                0x0000000004000000                PROVIDE (__ram_rodata_start, ABSOLUTE (.))
                0x0000000004000000                . = ALIGN (0x4)
 *(.rodata .rodata.* .gnu.linkonce.r.*)
 .rodata        0x0000000004000000       0x1f obj/default/main.o
 *fill*         0x000000000400001f        0x1 
 .rodata.str1.4
                0x0000000004000020        0x2 /home/estape/intelFPGA_lite/18.1/nios2eds/bin/gnu/H-x86_64-pc-linux-gnu/bin/../lib/gcc/nios2-elf/5.3.0/../../../../../H-x86_64-pc-linux-gnu/nios2-elf/lib/mno-hw-mul/libc.a(lib_a-impure.o)
 *fill*         0x0000000004000022        0x2 
 .rodata.str1.4
                0x0000000004000024        0x4 /home/estape/intelFPGA_lite/18.1/nios2eds/bin/gnu/H-x86_64-pc-linux-gnu/bin/../lib/gcc/nios2-elf/5.3.0/../../../../../H-x86_64-pc-linux-gnu/nios2-elf/lib/mno-hw-mul/libc.a(lib_a-puts.o)
                                          0x2 (size before relaxing)
 .rodata        0x0000000004000028        0xa ../denoise_nios_bsp//libhal_bsp.a(alt_dev.o)
 *fill*         0x0000000004000032        0x2 
 .rodata        0x0000000004000034       0x11 ../denoise_nios_bsp//libhal_bsp.a(alt_main.o)
 *fill*         0x0000000004000045        0x3 
 .rodata        0x0000000004000048       0x11 ../denoise_nios_bsp//libhal_bsp.a(alt_sys_init.o)
 *(.rodata1)
                0x000000000400005c                . = ALIGN (0x4)
 *fill*         0x0000000004000059        0x3 
                0x000000000400005c                PROVIDE (__ram_rodata_end, ABSOLUTE (.))
                0x0000000000005c88                PROVIDE (__flash_rodata_start, LOADADDR (.rodata))

.rwdata         0x000000000400005c     0x1a6c load address 0x0000000000005ce4
                0x000000000400005c                PROVIDE (__ram_rwdata_start, ABSOLUTE (.))
                0x000000000400005c                . = ALIGN (0x4)
 *(.got.plt)
 *(.got)
 *(.data1)
 *(.data .data.* .gnu.linkonce.d.*)
 .data          0x000000000400005c        0x0 ../denoise_nios_bsp//obj/HAL/src/crt0.o
 .data          0x000000000400005c        0x0 obj/default/main.o
 .data          0x000000000400005c        0x0 /home/estape/intelFPGA_lite/18.1/nios2eds/bin/gnu/H-x86_64-pc-linux-gnu/bin/../lib/gcc/nios2-elf/5.3.0/mno-hw-mul/libgcc.a(lib2-mul.o)
 .data          0x000000000400005c        0x0 /home/estape/intelFPGA_lite/18.1/nios2eds/bin/gnu/H-x86_64-pc-linux-gnu/bin/../lib/gcc/nios2-elf/5.3.0/../../../../../H-x86_64-pc-linux-gnu/nios2-elf/lib/mno-hw-mul/libc.a(lib_a-exit.o)
 .data          0x000000000400005c        0x0 /home/estape/intelFPGA_lite/18.1/nios2eds/bin/gnu/H-x86_64-pc-linux-gnu/bin/../lib/gcc/nios2-elf/5.3.0/../../../../../H-x86_64-pc-linux-gnu/nios2-elf/lib/mno-hw-mul/libc.a(lib_a-impure.o)
 .data.impure_data
                0x000000000400005c      0x424 /home/estape/intelFPGA_lite/18.1/nios2eds/bin/gnu/H-x86_64-pc-linux-gnu/bin/../lib/gcc/nios2-elf/5.3.0/../../../../../H-x86_64-pc-linux-gnu/nios2-elf/lib/mno-hw-mul/libc.a(lib_a-impure.o)
 .data          0x0000000004000480        0x0 /home/estape/intelFPGA_lite/18.1/nios2eds/bin/gnu/H-x86_64-pc-linux-gnu/bin/../lib/gcc/nios2-elf/5.3.0/../../../../../H-x86_64-pc-linux-gnu/nios2-elf/lib/mno-hw-mul/libc.a(lib_a-puts.o)
 .data          0x0000000004000480        0x0 /home/estape/intelFPGA_lite/18.1/nios2eds/bin/gnu/H-x86_64-pc-linux-gnu/bin/../lib/gcc/nios2-elf/5.3.0/../../../../../H-x86_64-pc-linux-gnu/nios2-elf/lib/mno-hw-mul/libc.a(lib_a-strlen.o)
 .data          0x0000000004000480        0x0 /home/estape/intelFPGA_lite/18.1/nios2eds/bin/gnu/H-x86_64-pc-linux-gnu/bin/../lib/gcc/nios2-elf/5.3.0/../../../../../H-x86_64-pc-linux-gnu/nios2-elf/lib/mno-hw-mul/libc.a(lib_a-__call_atexit.o)
 .data          0x0000000004000480        0x0 /home/estape/intelFPGA_lite/18.1/nios2eds/bin/gnu/H-x86_64-pc-linux-gnu/bin/../lib/gcc/nios2-elf/5.3.0/../../../../../H-x86_64-pc-linux-gnu/nios2-elf/lib/mno-hw-mul/libc.a(lib_a-findfp.o)
 .data          0x0000000004000480        0x0 /home/estape/intelFPGA_lite/18.1/nios2eds/bin/gnu/H-x86_64-pc-linux-gnu/bin/../lib/gcc/nios2-elf/5.3.0/../../../../../H-x86_64-pc-linux-gnu/nios2-elf/lib/mno-hw-mul/libc.a(lib_a-fvwrite.o)
 .data          0x0000000004000480        0x0 /home/estape/intelFPGA_lite/18.1/nios2eds/bin/gnu/H-x86_64-pc-linux-gnu/bin/../lib/gcc/nios2-elf/5.3.0/../../../../../H-x86_64-pc-linux-gnu/nios2-elf/lib/mno-hw-mul/libc.a(lib_a-fwalk.o)
 .data          0x0000000004000480        0x0 /home/estape/intelFPGA_lite/18.1/nios2eds/bin/gnu/H-x86_64-pc-linux-gnu/bin/../lib/gcc/nios2-elf/5.3.0/../../../../../H-x86_64-pc-linux-gnu/nios2-elf/lib/mno-hw-mul/libc.a(lib_a-mallocr.o)
 .data.__malloc_av_
                0x0000000004000480      0x408 /home/estape/intelFPGA_lite/18.1/nios2eds/bin/gnu/H-x86_64-pc-linux-gnu/bin/../lib/gcc/nios2-elf/5.3.0/../../../../../H-x86_64-pc-linux-gnu/nios2-elf/lib/mno-hw-mul/libc.a(lib_a-mallocr.o)
                0x0000000004000480                __malloc_av_
 .data          0x0000000004000888        0x0 /home/estape/intelFPGA_lite/18.1/nios2eds/bin/gnu/H-x86_64-pc-linux-gnu/bin/../lib/gcc/nios2-elf/5.3.0/../../../../../H-x86_64-pc-linux-gnu/nios2-elf/lib/mno-hw-mul/libc.a(lib_a-memchr.o)
 .data          0x0000000004000888        0x0 /home/estape/intelFPGA_lite/18.1/nios2eds/bin/gnu/H-x86_64-pc-linux-gnu/bin/../lib/gcc/nios2-elf/5.3.0/../../../../../H-x86_64-pc-linux-gnu/nios2-elf/lib/mno-hw-mul/libc.a(lib_a-memcpy.o)
 .data          0x0000000004000888        0x0 /home/estape/intelFPGA_lite/18.1/nios2eds/bin/gnu/H-x86_64-pc-linux-gnu/bin/../lib/gcc/nios2-elf/5.3.0/../../../../../H-x86_64-pc-linux-gnu/nios2-elf/lib/mno-hw-mul/libc.a(lib_a-memmove.o)
 .data          0x0000000004000888        0x0 /home/estape/intelFPGA_lite/18.1/nios2eds/bin/gnu/H-x86_64-pc-linux-gnu/bin/../lib/gcc/nios2-elf/5.3.0/../../../../../H-x86_64-pc-linux-gnu/nios2-elf/lib/mno-hw-mul/libc.a(lib_a-memset.o)
 .data          0x0000000004000888        0x0 /home/estape/intelFPGA_lite/18.1/nios2eds/bin/gnu/H-x86_64-pc-linux-gnu/bin/../lib/gcc/nios2-elf/5.3.0/../../../../../H-x86_64-pc-linux-gnu/nios2-elf/lib/mno-hw-mul/libc.a(lib_a-reallocr.o)
 .data          0x0000000004000888        0x0 /home/estape/intelFPGA_lite/18.1/nios2eds/bin/gnu/H-x86_64-pc-linux-gnu/bin/../lib/gcc/nios2-elf/5.3.0/../../../../../H-x86_64-pc-linux-gnu/nios2-elf/lib/mno-hw-mul/libc.a(lib_a-sbrkr.o)
 .data          0x0000000004000888        0x0 /home/estape/intelFPGA_lite/18.1/nios2eds/bin/gnu/H-x86_64-pc-linux-gnu/bin/../lib/gcc/nios2-elf/5.3.0/../../../../../H-x86_64-pc-linux-gnu/nios2-elf/lib/mno-hw-mul/libc.a(lib_a-stdio.o)
 .data          0x0000000004000888        0x0 /home/estape/intelFPGA_lite/18.1/nios2eds/bin/gnu/H-x86_64-pc-linux-gnu/bin/../lib/gcc/nios2-elf/5.3.0/../../../../../H-x86_64-pc-linux-gnu/nios2-elf/lib/mno-hw-mul/libc.a(lib_a-writer.o)
 .data          0x0000000004000888        0x0 /home/estape/intelFPGA_lite/18.1/nios2eds/bin/gnu/H-x86_64-pc-linux-gnu/bin/../lib/gcc/nios2-elf/5.3.0/../../../../../H-x86_64-pc-linux-gnu/nios2-elf/lib/mno-hw-mul/libc.a(lib_a-wsetup.o)
 .data          0x0000000004000888        0x0 /home/estape/intelFPGA_lite/18.1/nios2eds/bin/gnu/H-x86_64-pc-linux-gnu/bin/../lib/gcc/nios2-elf/5.3.0/../../../../../H-x86_64-pc-linux-gnu/nios2-elf/lib/mno-hw-mul/libc.a(closer.o)
 .data          0x0000000004000888        0x0 /home/estape/intelFPGA_lite/18.1/nios2eds/bin/gnu/H-x86_64-pc-linux-gnu/bin/../lib/gcc/nios2-elf/5.3.0/../../../../../H-x86_64-pc-linux-gnu/nios2-elf/lib/mno-hw-mul/libc.a(lib_a-fclose.o)
 .data          0x0000000004000888        0x0 /home/estape/intelFPGA_lite/18.1/nios2eds/bin/gnu/H-x86_64-pc-linux-gnu/bin/../lib/gcc/nios2-elf/5.3.0/../../../../../H-x86_64-pc-linux-gnu/nios2-elf/lib/mno-hw-mul/libc.a(lib_a-fflush.o)
 .data          0x0000000004000888        0x0 /home/estape/intelFPGA_lite/18.1/nios2eds/bin/gnu/H-x86_64-pc-linux-gnu/bin/../lib/gcc/nios2-elf/5.3.0/../../../../../H-x86_64-pc-linux-gnu/nios2-elf/lib/mno-hw-mul/libc.a(lib_a-freer.o)
 .data          0x0000000004000888        0x0 /home/estape/intelFPGA_lite/18.1/nios2eds/bin/gnu/H-x86_64-pc-linux-gnu/bin/../lib/gcc/nios2-elf/5.3.0/../../../../../H-x86_64-pc-linux-gnu/nios2-elf/lib/mno-hw-mul/libc.a(lib_a-int_errno.o)
 .data          0x0000000004000888        0x0 /home/estape/intelFPGA_lite/18.1/nios2eds/bin/gnu/H-x86_64-pc-linux-gnu/bin/../lib/gcc/nios2-elf/5.3.0/../../../../../H-x86_64-pc-linux-gnu/nios2-elf/lib/mno-hw-mul/libc.a(lib_a-lseekr.o)
 .data          0x0000000004000888        0x0 /home/estape/intelFPGA_lite/18.1/nios2eds/bin/gnu/H-x86_64-pc-linux-gnu/bin/../lib/gcc/nios2-elf/5.3.0/../../../../../H-x86_64-pc-linux-gnu/nios2-elf/lib/mno-hw-mul/libc.a(lib_a-makebuf.o)
 .data          0x0000000004000888        0x0 /home/estape/intelFPGA_lite/18.1/nios2eds/bin/gnu/H-x86_64-pc-linux-gnu/bin/../lib/gcc/nios2-elf/5.3.0/../../../../../H-x86_64-pc-linux-gnu/nios2-elf/lib/mno-hw-mul/libc.a(lib_a-readr.o)
 .data          0x0000000004000888        0x0 /home/estape/intelFPGA_lite/18.1/nios2eds/bin/gnu/H-x86_64-pc-linux-gnu/bin/../lib/gcc/nios2-elf/5.3.0/../../../../../H-x86_64-pc-linux-gnu/nios2-elf/lib/mno-hw-mul/libc.a(lib_a-fstatr.o)
 .data          0x0000000004000888        0x0 /home/estape/intelFPGA_lite/18.1/nios2eds/bin/gnu/H-x86_64-pc-linux-gnu/bin/../lib/gcc/nios2-elf/5.3.0/../../../../../H-x86_64-pc-linux-gnu/nios2-elf/lib/mno-hw-mul/libc.a(lib_a-isattyr.o)
 .data          0x0000000004000888        0x0 /home/estape/intelFPGA_lite/18.1/nios2eds/bin/gnu/H-x86_64-pc-linux-gnu/bin/../lib/gcc/nios2-elf/5.3.0/mno-hw-mul/libgcc.a(lib2-divmod.o)
 .data          0x0000000004000888        0x0 ../denoise_nios_bsp//libhal_bsp.a(alt_close.o)
 .data          0x0000000004000888      0x1a8 ../denoise_nios_bsp//libhal_bsp.a(alt_dev.o)
                0x0000000004000888                alt_dev_null
                0x00000000040008b0                alt_fd_list
 .data          0x0000000004000a30        0x0 ../denoise_nios_bsp//libhal_bsp.a(alt_errno.o)
 .data          0x0000000004000a30        0x0 ../denoise_nios_bsp//libhal_bsp.a(alt_exit.o)
 .data          0x0000000004000a30        0x0 ../denoise_nios_bsp//libhal_bsp.a(alt_fstat.o)
 .data          0x0000000004000a30        0x0 ../denoise_nios_bsp//libhal_bsp.a(alt_isatty.o)
 .data          0x0000000004000a30        0x0 ../denoise_nios_bsp//libhal_bsp.a(alt_load.o)
 .data          0x0000000004000a30        0x0 ../denoise_nios_bsp//libhal_bsp.a(alt_lseek.o)
 .data          0x0000000004000a30        0x0 ../denoise_nios_bsp//libhal_bsp.a(alt_main.o)
 .data          0x0000000004000a30        0x0 ../denoise_nios_bsp//libhal_bsp.a(alt_malloc_lock.o)
 .data          0x0000000004000a30        0x0 ../denoise_nios_bsp//libhal_bsp.a(alt_read.o)
 .data          0x0000000004000a30        0x0 ../denoise_nios_bsp//libhal_bsp.a(alt_release_fd.o)
 .data          0x0000000004000a30        0x0 ../denoise_nios_bsp//libhal_bsp.a(alt_sbrk.o)
 .data          0x0000000004000a30        0x0 ../denoise_nios_bsp//libhal_bsp.a(alt_write.o)
 .data          0x0000000004000a30     0x1060 ../denoise_nios_bsp//libhal_bsp.a(alt_sys_init.o)
 .data          0x0000000004001a90        0x0 ../denoise_nios_bsp//libhal_bsp.a(altera_avalon_jtag_uart_fd.o)
 .data          0x0000000004001a90        0x0 ../denoise_nios_bsp//libhal_bsp.a(altera_avalon_jtag_uart_init.o)
 .data          0x0000000004001a90        0x0 ../denoise_nios_bsp//libhal_bsp.a(altera_avalon_jtag_uart_ioctl.o)
 .data          0x0000000004001a90        0x0 ../denoise_nios_bsp//libhal_bsp.a(altera_avalon_jtag_uart_read.o)
 .data          0x0000000004001a90        0x0 ../denoise_nios_bsp//libhal_bsp.a(altera_avalon_jtag_uart_write.o)
 .data          0x0000000004001a90        0x0 ../denoise_nios_bsp//libhal_bsp.a(alt_alarm_start.o)
 .data          0x0000000004001a90        0x0 ../denoise_nios_bsp//libhal_bsp.a(alt_dcache_flush_all.o)
 .data          0x0000000004001a90        0x0 ../denoise_nios_bsp//libhal_bsp.a(alt_dev_llist_insert.o)
 .data          0x0000000004001a90        0x0 ../denoise_nios_bsp//libhal_bsp.a(alt_do_ctors.o)
 .data          0x0000000004001a90        0x0 ../denoise_nios_bsp//libhal_bsp.a(alt_do_dtors.o)
 .data          0x0000000004001a90        0x0 ../denoise_nios_bsp//libhal_bsp.a(alt_icache_flush_all.o)
 .data          0x0000000004001a90        0x0 ../denoise_nios_bsp//libhal_bsp.a(alt_iic.o)
 .data          0x0000000004001a90        0x0 ../denoise_nios_bsp//libhal_bsp.a(alt_iic_isr_register.o)
 .data          0x0000000004001a90        0x0 ../denoise_nios_bsp//libhal_bsp.a(alt_io_redirect.o)
 .data          0x0000000004001a90        0x0 ../denoise_nios_bsp//libhal_bsp.a(alt_irq_entry.o)
 .data          0x0000000004001a90        0x0 ../denoise_nios_bsp//libhal_bsp.a(alt_irq_handler.o)
 .data          0x0000000004001a90        0x0 ../denoise_nios_bsp//libhal_bsp.a(alt_irq_vars.o)
 .data          0x0000000004001a90        0x0 ../denoise_nios_bsp//libhal_bsp.a(alt_open.o)
 .data          0x0000000004001a90        0x0 ../denoise_nios_bsp//libhal_bsp.a(alt_tick.o)
 .data          0x0000000004001a90        0x0 ../denoise_nios_bsp//libhal_bsp.a(altera_nios2_gen2_irq.o)
 .data          0x0000000004001a90        0x0 ../denoise_nios_bsp//libhal_bsp.a(alt_exception_entry.o)
 .data          0x0000000004001a90        0x0 ../denoise_nios_bsp//libhal_bsp.a(alt_find_dev.o)
 .data          0x0000000004001a90        0x0 ../denoise_nios_bsp//libhal_bsp.a(alt_find_file.o)
 .data          0x0000000004001a90        0x0 ../denoise_nios_bsp//libhal_bsp.a(alt_get_fd.o)
 .data          0x0000000004001a90        0x0 ../denoise_nios_bsp//libhal_bsp.a(alt_instruction_exception_entry.o)
 .data          0x0000000004001a90        0x0 /home/estape/intelFPGA_lite/18.1/nios2eds/bin/gnu/H-x86_64-pc-linux-gnu/bin/../lib/gcc/nios2-elf/5.3.0/../../../../../H-x86_64-pc-linux-gnu/nios2-elf/lib/mno-hw-mul/libc.a(lib_a-atexit.o)
 .data          0x0000000004001a90        0x0 /home/estape/intelFPGA_lite/18.1/nios2eds/bin/gnu/H-x86_64-pc-linux-gnu/bin/../lib/gcc/nios2-elf/5.3.0/../../../../../H-x86_64-pc-linux-gnu/nios2-elf/lib/mno-hw-mul/libc.a(lib_a-memcmp.o)
 .data          0x0000000004001a90        0x0 /home/estape/intelFPGA_lite/18.1/nios2eds/bin/gnu/H-x86_64-pc-linux-gnu/bin/../lib/gcc/nios2-elf/5.3.0/../../../../../H-x86_64-pc-linux-gnu/nios2-elf/lib/mno-hw-mul/libc.a(lib_a-__atexit.o)
                0x0000000004009a90                _gp = ABSOLUTE ((. + 0x8000))
                [!provide]                        PROVIDE (gp, _gp)
 *(.rwdata .rwdata.*)
 *(.sdata .sdata.* .gnu.linkonce.s.*)
 .sdata._global_impure_ptr
                0x0000000004001a90        0x4 /home/estape/intelFPGA_lite/18.1/nios2eds/bin/gnu/H-x86_64-pc-linux-gnu/bin/../lib/gcc/nios2-elf/5.3.0/../../../../../H-x86_64-pc-linux-gnu/nios2-elf/lib/mno-hw-mul/libc.a(lib_a-impure.o)
                0x0000000004001a90                _global_impure_ptr
 .sdata._impure_ptr
                0x0000000004001a94        0x4 /home/estape/intelFPGA_lite/18.1/nios2eds/bin/gnu/H-x86_64-pc-linux-gnu/bin/../lib/gcc/nios2-elf/5.3.0/../../../../../H-x86_64-pc-linux-gnu/nios2-elf/lib/mno-hw-mul/libc.a(lib_a-impure.o)
                0x0000000004001a94                _impure_ptr
 .sdata.__malloc_sbrk_base
                0x0000000004001a98        0x4 /home/estape/intelFPGA_lite/18.1/nios2eds/bin/gnu/H-x86_64-pc-linux-gnu/bin/../lib/gcc/nios2-elf/5.3.0/../../../../../H-x86_64-pc-linux-gnu/nios2-elf/lib/mno-hw-mul/libc.a(lib_a-mallocr.o)
                0x0000000004001a98                __malloc_sbrk_base
 .sdata.__malloc_trim_threshold
                0x0000000004001a9c        0x4 /home/estape/intelFPGA_lite/18.1/nios2eds/bin/gnu/H-x86_64-pc-linux-gnu/bin/../lib/gcc/nios2-elf/5.3.0/../../../../../H-x86_64-pc-linux-gnu/nios2-elf/lib/mno-hw-mul/libc.a(lib_a-mallocr.o)
                0x0000000004001a9c                __malloc_trim_threshold
 .sdata         0x0000000004001aa0       0x14 ../denoise_nios_bsp//libhal_bsp.a(alt_dev.o)
                0x0000000004001aa0                alt_fs_list
                0x0000000004001aa8                alt_dev_list
                0x0000000004001ab0                alt_max_fd
 .sdata         0x0000000004001ab4        0x4 ../denoise_nios_bsp//libhal_bsp.a(alt_errno.o)
                0x0000000004001ab4                alt_errno
 .sdata         0x0000000004001ab8        0x4 ../denoise_nios_bsp//libhal_bsp.a(alt_sbrk.o)
 .sdata         0x0000000004001abc        0x4 ../denoise_nios_bsp//libhal_bsp.a(alt_irq_vars.o)
                0x0000000004001abc                alt_priority_mask
 .sdata         0x0000000004001ac0        0x8 ../denoise_nios_bsp//libhal_bsp.a(alt_tick.o)
                0x0000000004001ac0                alt_alarm_list
 *(.sdata2 .sdata2.* .gnu.linkonce.s2.*)
                0x0000000004001ac8                . = ALIGN (0x4)
                0x0000000004001ac8                _edata = ABSOLUTE (.)
                [!provide]                        PROVIDE (edata, ABSOLUTE (.))
                0x0000000004001ac8                PROVIDE (__ram_rwdata_end, ABSOLUTE (.))
                0x0000000000005ce4                PROVIDE (__flash_rwdata_start, LOADADDR (.rwdata))

.bss            0x0000000004001ac8      0x154 load address 0x0000000000007750
                0x0000000004001ac8                __bss_start = ABSOLUTE (.)
                [!provide]                        PROVIDE (__sbss_start, ABSOLUTE (.))
                [!provide]                        PROVIDE (___sbss_start, ABSOLUTE (.))
 *(.dynsbss)
 *(.sbss .sbss.* .gnu.linkonce.sb.*)
 .sbss.__malloc_max_total_mem
                0x0000000004001ac8        0x4 /home/estape/intelFPGA_lite/18.1/nios2eds/bin/gnu/H-x86_64-pc-linux-gnu/bin/../lib/gcc/nios2-elf/5.3.0/../../../../../H-x86_64-pc-linux-gnu/nios2-elf/lib/mno-hw-mul/libc.a(lib_a-mallocr.o)
                0x0000000004001ac8                __malloc_max_total_mem
 .sbss.__malloc_max_sbrked_mem
                0x0000000004001acc        0x4 /home/estape/intelFPGA_lite/18.1/nios2eds/bin/gnu/H-x86_64-pc-linux-gnu/bin/../lib/gcc/nios2-elf/5.3.0/../../../../../H-x86_64-pc-linux-gnu/nios2-elf/lib/mno-hw-mul/libc.a(lib_a-mallocr.o)
                0x0000000004001acc                __malloc_max_sbrked_mem
 .sbss.__malloc_top_pad
                0x0000000004001ad0        0x4 /home/estape/intelFPGA_lite/18.1/nios2eds/bin/gnu/H-x86_64-pc-linux-gnu/bin/../lib/gcc/nios2-elf/5.3.0/../../../../../H-x86_64-pc-linux-gnu/nios2-elf/lib/mno-hw-mul/libc.a(lib_a-mallocr.o)
                0x0000000004001ad0                __malloc_top_pad
 .sbss          0x0000000004001ad4        0x4 /home/estape/intelFPGA_lite/18.1/nios2eds/bin/gnu/H-x86_64-pc-linux-gnu/bin/../lib/gcc/nios2-elf/5.3.0/../../../../../H-x86_64-pc-linux-gnu/nios2-elf/lib/mno-hw-mul/libc.a(lib_a-int_errno.o)
                0x0000000004001ad4                errno
 .sbss          0x0000000004001ad8        0xc ../denoise_nios_bsp//libhal_bsp.a(alt_main.o)
                0x0000000004001ad8                alt_argc
                0x0000000004001adc                alt_argv
                0x0000000004001ae0                alt_envp
 .sbss          0x0000000004001ae4        0x4 ../denoise_nios_bsp//libhal_bsp.a(alt_irq_vars.o)
                0x0000000004001ae4                alt_irq_active
 .sbss          0x0000000004001ae8        0x8 ../denoise_nios_bsp//libhal_bsp.a(alt_tick.o)
                0x0000000004001ae8                _alt_tick_rate
                0x0000000004001aec                _alt_nticks
 .sbss          0x0000000004001af0        0x4 ../denoise_nios_bsp//libhal_bsp.a(alt_instruction_exception_entry.o)
                0x0000000004001af0                alt_instruction_exception_handler
 *(.sbss2 .sbss2.* .gnu.linkonce.sb2.*)
 *(.scommon)
                [!provide]                        PROVIDE (__sbss_end, ABSOLUTE (.))
                [!provide]                        PROVIDE (___sbss_end, ABSOLUTE (.))
 *(.dynbss)
 *(.bss .bss.* .gnu.linkonce.b.*)
 .bss           0x0000000004001af4        0x0 ../denoise_nios_bsp//obj/HAL/src/crt0.o
 .bss           0x0000000004001af4        0x0 obj/default/main.o
 .bss           0x0000000004001af4        0x0 /home/estape/intelFPGA_lite/18.1/nios2eds/bin/gnu/H-x86_64-pc-linux-gnu/bin/../lib/gcc/nios2-elf/5.3.0/mno-hw-mul/libgcc.a(lib2-mul.o)
 .bss           0x0000000004001af4        0x0 /home/estape/intelFPGA_lite/18.1/nios2eds/bin/gnu/H-x86_64-pc-linux-gnu/bin/../lib/gcc/nios2-elf/5.3.0/../../../../../H-x86_64-pc-linux-gnu/nios2-elf/lib/mno-hw-mul/libc.a(lib_a-exit.o)
 .bss           0x0000000004001af4        0x0 /home/estape/intelFPGA_lite/18.1/nios2eds/bin/gnu/H-x86_64-pc-linux-gnu/bin/../lib/gcc/nios2-elf/5.3.0/../../../../../H-x86_64-pc-linux-gnu/nios2-elf/lib/mno-hw-mul/libc.a(lib_a-impure.o)
 .bss           0x0000000004001af4        0x0 /home/estape/intelFPGA_lite/18.1/nios2eds/bin/gnu/H-x86_64-pc-linux-gnu/bin/../lib/gcc/nios2-elf/5.3.0/../../../../../H-x86_64-pc-linux-gnu/nios2-elf/lib/mno-hw-mul/libc.a(lib_a-puts.o)
 .bss           0x0000000004001af4        0x0 /home/estape/intelFPGA_lite/18.1/nios2eds/bin/gnu/H-x86_64-pc-linux-gnu/bin/../lib/gcc/nios2-elf/5.3.0/../../../../../H-x86_64-pc-linux-gnu/nios2-elf/lib/mno-hw-mul/libc.a(lib_a-strlen.o)
 .bss           0x0000000004001af4        0x0 /home/estape/intelFPGA_lite/18.1/nios2eds/bin/gnu/H-x86_64-pc-linux-gnu/bin/../lib/gcc/nios2-elf/5.3.0/../../../../../H-x86_64-pc-linux-gnu/nios2-elf/lib/mno-hw-mul/libc.a(lib_a-__call_atexit.o)
 .bss           0x0000000004001af4        0x0 /home/estape/intelFPGA_lite/18.1/nios2eds/bin/gnu/H-x86_64-pc-linux-gnu/bin/../lib/gcc/nios2-elf/5.3.0/../../../../../H-x86_64-pc-linux-gnu/nios2-elf/lib/mno-hw-mul/libc.a(lib_a-findfp.o)
 .bss           0x0000000004001af4        0x0 /home/estape/intelFPGA_lite/18.1/nios2eds/bin/gnu/H-x86_64-pc-linux-gnu/bin/../lib/gcc/nios2-elf/5.3.0/../../../../../H-x86_64-pc-linux-gnu/nios2-elf/lib/mno-hw-mul/libc.a(lib_a-fvwrite.o)
 .bss           0x0000000004001af4        0x0 /home/estape/intelFPGA_lite/18.1/nios2eds/bin/gnu/H-x86_64-pc-linux-gnu/bin/../lib/gcc/nios2-elf/5.3.0/../../../../../H-x86_64-pc-linux-gnu/nios2-elf/lib/mno-hw-mul/libc.a(lib_a-fwalk.o)
 .bss           0x0000000004001af4        0x0 /home/estape/intelFPGA_lite/18.1/nios2eds/bin/gnu/H-x86_64-pc-linux-gnu/bin/../lib/gcc/nios2-elf/5.3.0/../../../../../H-x86_64-pc-linux-gnu/nios2-elf/lib/mno-hw-mul/libc.a(lib_a-mallocr.o)
 .bss.__malloc_current_mallinfo
                0x0000000004001af4       0x28 /home/estape/intelFPGA_lite/18.1/nios2eds/bin/gnu/H-x86_64-pc-linux-gnu/bin/../lib/gcc/nios2-elf/5.3.0/../../../../../H-x86_64-pc-linux-gnu/nios2-elf/lib/mno-hw-mul/libc.a(lib_a-mallocr.o)
                0x0000000004001af4                __malloc_current_mallinfo
 .bss           0x0000000004001b1c        0x0 /home/estape/intelFPGA_lite/18.1/nios2eds/bin/gnu/H-x86_64-pc-linux-gnu/bin/../lib/gcc/nios2-elf/5.3.0/../../../../../H-x86_64-pc-linux-gnu/nios2-elf/lib/mno-hw-mul/libc.a(lib_a-memchr.o)
 .bss           0x0000000004001b1c        0x0 /home/estape/intelFPGA_lite/18.1/nios2eds/bin/gnu/H-x86_64-pc-linux-gnu/bin/../lib/gcc/nios2-elf/5.3.0/../../../../../H-x86_64-pc-linux-gnu/nios2-elf/lib/mno-hw-mul/libc.a(lib_a-memcpy.o)
 .bss           0x0000000004001b1c        0x0 /home/estape/intelFPGA_lite/18.1/nios2eds/bin/gnu/H-x86_64-pc-linux-gnu/bin/../lib/gcc/nios2-elf/5.3.0/../../../../../H-x86_64-pc-linux-gnu/nios2-elf/lib/mno-hw-mul/libc.a(lib_a-memmove.o)
 .bss           0x0000000004001b1c        0x0 /home/estape/intelFPGA_lite/18.1/nios2eds/bin/gnu/H-x86_64-pc-linux-gnu/bin/../lib/gcc/nios2-elf/5.3.0/../../../../../H-x86_64-pc-linux-gnu/nios2-elf/lib/mno-hw-mul/libc.a(lib_a-memset.o)
 .bss           0x0000000004001b1c        0x0 /home/estape/intelFPGA_lite/18.1/nios2eds/bin/gnu/H-x86_64-pc-linux-gnu/bin/../lib/gcc/nios2-elf/5.3.0/../../../../../H-x86_64-pc-linux-gnu/nios2-elf/lib/mno-hw-mul/libc.a(lib_a-reallocr.o)
 .bss           0x0000000004001b1c        0x0 /home/estape/intelFPGA_lite/18.1/nios2eds/bin/gnu/H-x86_64-pc-linux-gnu/bin/../lib/gcc/nios2-elf/5.3.0/../../../../../H-x86_64-pc-linux-gnu/nios2-elf/lib/mno-hw-mul/libc.a(lib_a-sbrkr.o)
 .bss           0x0000000004001b1c        0x0 /home/estape/intelFPGA_lite/18.1/nios2eds/bin/gnu/H-x86_64-pc-linux-gnu/bin/../lib/gcc/nios2-elf/5.3.0/../../../../../H-x86_64-pc-linux-gnu/nios2-elf/lib/mno-hw-mul/libc.a(lib_a-stdio.o)
 .bss           0x0000000004001b1c        0x0 /home/estape/intelFPGA_lite/18.1/nios2eds/bin/gnu/H-x86_64-pc-linux-gnu/bin/../lib/gcc/nios2-elf/5.3.0/../../../../../H-x86_64-pc-linux-gnu/nios2-elf/lib/mno-hw-mul/libc.a(lib_a-writer.o)
 .bss           0x0000000004001b1c        0x0 /home/estape/intelFPGA_lite/18.1/nios2eds/bin/gnu/H-x86_64-pc-linux-gnu/bin/../lib/gcc/nios2-elf/5.3.0/../../../../../H-x86_64-pc-linux-gnu/nios2-elf/lib/mno-hw-mul/libc.a(lib_a-wsetup.o)
 .bss           0x0000000004001b1c        0x0 /home/estape/intelFPGA_lite/18.1/nios2eds/bin/gnu/H-x86_64-pc-linux-gnu/bin/../lib/gcc/nios2-elf/5.3.0/../../../../../H-x86_64-pc-linux-gnu/nios2-elf/lib/mno-hw-mul/libc.a(closer.o)
 .bss           0x0000000004001b1c        0x0 /home/estape/intelFPGA_lite/18.1/nios2eds/bin/gnu/H-x86_64-pc-linux-gnu/bin/../lib/gcc/nios2-elf/5.3.0/../../../../../H-x86_64-pc-linux-gnu/nios2-elf/lib/mno-hw-mul/libc.a(lib_a-fclose.o)
 .bss           0x0000000004001b1c        0x0 /home/estape/intelFPGA_lite/18.1/nios2eds/bin/gnu/H-x86_64-pc-linux-gnu/bin/../lib/gcc/nios2-elf/5.3.0/../../../../../H-x86_64-pc-linux-gnu/nios2-elf/lib/mno-hw-mul/libc.a(lib_a-fflush.o)
 .bss           0x0000000004001b1c        0x0 /home/estape/intelFPGA_lite/18.1/nios2eds/bin/gnu/H-x86_64-pc-linux-gnu/bin/../lib/gcc/nios2-elf/5.3.0/../../../../../H-x86_64-pc-linux-gnu/nios2-elf/lib/mno-hw-mul/libc.a(lib_a-freer.o)
 .bss           0x0000000004001b1c        0x0 /home/estape/intelFPGA_lite/18.1/nios2eds/bin/gnu/H-x86_64-pc-linux-gnu/bin/../lib/gcc/nios2-elf/5.3.0/../../../../../H-x86_64-pc-linux-gnu/nios2-elf/lib/mno-hw-mul/libc.a(lib_a-int_errno.o)
 .bss           0x0000000004001b1c        0x0 /home/estape/intelFPGA_lite/18.1/nios2eds/bin/gnu/H-x86_64-pc-linux-gnu/bin/../lib/gcc/nios2-elf/5.3.0/../../../../../H-x86_64-pc-linux-gnu/nios2-elf/lib/mno-hw-mul/libc.a(lib_a-lseekr.o)
 .bss           0x0000000004001b1c        0x0 /home/estape/intelFPGA_lite/18.1/nios2eds/bin/gnu/H-x86_64-pc-linux-gnu/bin/../lib/gcc/nios2-elf/5.3.0/../../../../../H-x86_64-pc-linux-gnu/nios2-elf/lib/mno-hw-mul/libc.a(lib_a-makebuf.o)
 .bss           0x0000000004001b1c        0x0 /home/estape/intelFPGA_lite/18.1/nios2eds/bin/gnu/H-x86_64-pc-linux-gnu/bin/../lib/gcc/nios2-elf/5.3.0/../../../../../H-x86_64-pc-linux-gnu/nios2-elf/lib/mno-hw-mul/libc.a(lib_a-readr.o)
 .bss           0x0000000004001b1c        0x0 /home/estape/intelFPGA_lite/18.1/nios2eds/bin/gnu/H-x86_64-pc-linux-gnu/bin/../lib/gcc/nios2-elf/5.3.0/../../../../../H-x86_64-pc-linux-gnu/nios2-elf/lib/mno-hw-mul/libc.a(lib_a-fstatr.o)
 .bss           0x0000000004001b1c        0x0 /home/estape/intelFPGA_lite/18.1/nios2eds/bin/gnu/H-x86_64-pc-linux-gnu/bin/../lib/gcc/nios2-elf/5.3.0/../../../../../H-x86_64-pc-linux-gnu/nios2-elf/lib/mno-hw-mul/libc.a(lib_a-isattyr.o)
 .bss           0x0000000004001b1c        0x0 /home/estape/intelFPGA_lite/18.1/nios2eds/bin/gnu/H-x86_64-pc-linux-gnu/bin/../lib/gcc/nios2-elf/5.3.0/mno-hw-mul/libgcc.a(lib2-divmod.o)
 .bss           0x0000000004001b1c        0x0 ../denoise_nios_bsp//libhal_bsp.a(alt_close.o)
 .bss           0x0000000004001b1c        0x0 ../denoise_nios_bsp//libhal_bsp.a(alt_dev.o)
 .bss           0x0000000004001b1c        0x0 ../denoise_nios_bsp//libhal_bsp.a(alt_errno.o)
 .bss           0x0000000004001b1c        0x0 ../denoise_nios_bsp//libhal_bsp.a(alt_exit.o)
 .bss           0x0000000004001b1c        0x0 ../denoise_nios_bsp//libhal_bsp.a(alt_fstat.o)
 .bss           0x0000000004001b1c        0x0 ../denoise_nios_bsp//libhal_bsp.a(alt_isatty.o)
 .bss           0x0000000004001b1c        0x0 ../denoise_nios_bsp//libhal_bsp.a(alt_load.o)
 .bss           0x0000000004001b1c        0x0 ../denoise_nios_bsp//libhal_bsp.a(alt_lseek.o)
 .bss           0x0000000004001b1c        0x0 ../denoise_nios_bsp//libhal_bsp.a(alt_main.o)
 .bss           0x0000000004001b1c        0x0 ../denoise_nios_bsp//libhal_bsp.a(alt_malloc_lock.o)
 .bss           0x0000000004001b1c        0x0 ../denoise_nios_bsp//libhal_bsp.a(alt_read.o)
 .bss           0x0000000004001b1c        0x0 ../denoise_nios_bsp//libhal_bsp.a(alt_release_fd.o)
 .bss           0x0000000004001b1c        0x0 ../denoise_nios_bsp//libhal_bsp.a(alt_sbrk.o)
 .bss           0x0000000004001b1c        0x0 ../denoise_nios_bsp//libhal_bsp.a(alt_write.o)
 .bss           0x0000000004001b1c        0x0 ../denoise_nios_bsp//libhal_bsp.a(alt_sys_init.o)
 .bss           0x0000000004001b1c        0x0 ../denoise_nios_bsp//libhal_bsp.a(altera_avalon_jtag_uart_fd.o)
 .bss           0x0000000004001b1c        0x0 ../denoise_nios_bsp//libhal_bsp.a(altera_avalon_jtag_uart_init.o)
 .bss           0x0000000004001b1c        0x0 ../denoise_nios_bsp//libhal_bsp.a(altera_avalon_jtag_uart_ioctl.o)
 .bss           0x0000000004001b1c        0x0 ../denoise_nios_bsp//libhal_bsp.a(altera_avalon_jtag_uart_read.o)
 .bss           0x0000000004001b1c        0x0 ../denoise_nios_bsp//libhal_bsp.a(altera_avalon_jtag_uart_write.o)
 .bss           0x0000000004001b1c        0x0 ../denoise_nios_bsp//libhal_bsp.a(alt_alarm_start.o)
 .bss           0x0000000004001b1c        0x0 ../denoise_nios_bsp//libhal_bsp.a(alt_dcache_flush_all.o)
 .bss           0x0000000004001b1c        0x0 ../denoise_nios_bsp//libhal_bsp.a(alt_dev_llist_insert.o)
 .bss           0x0000000004001b1c        0x0 ../denoise_nios_bsp//libhal_bsp.a(alt_do_ctors.o)
 .bss           0x0000000004001b1c        0x0 ../denoise_nios_bsp//libhal_bsp.a(alt_do_dtors.o)
 .bss           0x0000000004001b1c        0x0 ../denoise_nios_bsp//libhal_bsp.a(alt_icache_flush_all.o)
 .bss           0x0000000004001b1c        0x0 ../denoise_nios_bsp//libhal_bsp.a(alt_iic.o)
 .bss           0x0000000004001b1c        0x0 ../denoise_nios_bsp//libhal_bsp.a(alt_iic_isr_register.o)
 .bss           0x0000000004001b1c        0x0 ../denoise_nios_bsp//libhal_bsp.a(alt_io_redirect.o)
 .bss           0x0000000004001b1c        0x0 ../denoise_nios_bsp//libhal_bsp.a(alt_irq_entry.o)
 .bss           0x0000000004001b1c        0x0 ../denoise_nios_bsp//libhal_bsp.a(alt_irq_handler.o)
 .bss           0x0000000004001b1c        0x0 ../denoise_nios_bsp//libhal_bsp.a(alt_irq_vars.o)
 .bss           0x0000000004001b1c        0x0 ../denoise_nios_bsp//libhal_bsp.a(alt_open.o)
 .bss           0x0000000004001b1c        0x0 ../denoise_nios_bsp//libhal_bsp.a(alt_tick.o)
 .bss           0x0000000004001b1c        0x0 ../denoise_nios_bsp//libhal_bsp.a(altera_nios2_gen2_irq.o)
 .bss           0x0000000004001b1c        0x0 ../denoise_nios_bsp//libhal_bsp.a(alt_exception_entry.o)
 .bss           0x0000000004001b1c        0x0 ../denoise_nios_bsp//libhal_bsp.a(alt_find_dev.o)
 .bss           0x0000000004001b1c        0x0 ../denoise_nios_bsp//libhal_bsp.a(alt_find_file.o)
 .bss           0x0000000004001b1c        0x0 ../denoise_nios_bsp//libhal_bsp.a(alt_get_fd.o)
 .bss           0x0000000004001b1c        0x0 ../denoise_nios_bsp//libhal_bsp.a(alt_instruction_exception_entry.o)
 .bss           0x0000000004001b1c        0x0 /home/estape/intelFPGA_lite/18.1/nios2eds/bin/gnu/H-x86_64-pc-linux-gnu/bin/../lib/gcc/nios2-elf/5.3.0/../../../../../H-x86_64-pc-linux-gnu/nios2-elf/lib/mno-hw-mul/libc.a(lib_a-atexit.o)
 .bss           0x0000000004001b1c        0x0 /home/estape/intelFPGA_lite/18.1/nios2eds/bin/gnu/H-x86_64-pc-linux-gnu/bin/../lib/gcc/nios2-elf/5.3.0/../../../../../H-x86_64-pc-linux-gnu/nios2-elf/lib/mno-hw-mul/libc.a(lib_a-memcmp.o)
 .bss           0x0000000004001b1c        0x0 /home/estape/intelFPGA_lite/18.1/nios2eds/bin/gnu/H-x86_64-pc-linux-gnu/bin/../lib/gcc/nios2-elf/5.3.0/../../../../../H-x86_64-pc-linux-gnu/nios2-elf/lib/mno-hw-mul/libc.a(lib_a-__atexit.o)
 *(COMMON)
 COMMON         0x0000000004001b1c      0x100 ../denoise_nios_bsp//libhal_bsp.a(alt_irq_handler.o)
                0x0000000004001b1c                alt_irq
                0x0000000004001c1c                . = ALIGN (0x4)
                0x0000000004001c1c                __bss_end = ABSOLUTE (.)

.onchip_memory2_0
                0x0000000000007750        0x0
                [!provide]                        PROVIDE (_alt_partition_onchip_memory2_0_start, ABSOLUTE (.))
 *(.onchip_memory2_0 .onchip_memory2_0. onchip_memory2_0.*)
                0x0000000000007750                . = ALIGN (0x4)
                [!provide]                        PROVIDE (_alt_partition_onchip_memory2_0_end, ABSOLUTE (.))
                [!provide]                        PROVIDE (_alt_partition_onchip_memory2_0_load_addr, LOADADDR (.onchip_memory2_0))

.sdram_controller_0
                0x0000000004001c1c        0x0 load address 0x0000000000007750
                [!provide]                        PROVIDE (_alt_partition_sdram_controller_0_start, ABSOLUTE (.))
 *(.sdram_controller_0 .sdram_controller_0. sdram_controller_0.*)
                0x0000000004001c1c                . = ALIGN (0x4)
                [!provide]                        PROVIDE (_alt_partition_sdram_controller_0_end, ABSOLUTE (.))
                0x0000000004001c1c                _end = ABSOLUTE (.)
                0x0000000004001c1c                end = ABSOLUTE (.)
                0x0000000004001c1c                __alt_stack_base = ABSOLUTE (.)
                [!provide]                        PROVIDE (_alt_partition_sdram_controller_0_load_addr, LOADADDR (.sdram_controller_0))

.stab
 *(.stab)

.stabstr
 *(.stabstr)

.stab.excl
 *(.stab.excl)

.stab.exclstr
 *(.stab.exclstr)

.stab.index
 *(.stab.index)

.stab.indexstr
 *(.stab.indexstr)

.comment        0x0000000000000000       0x23
 *(.comment)
 .comment       0x0000000000000000       0x23 obj/default/main.o
                                         0x24 (size before relaxing)
 .comment       0x0000000000000023       0x24 /home/estape/intelFPGA_lite/18.1/nios2eds/bin/gnu/H-x86_64-pc-linux-gnu/bin/../lib/gcc/nios2-elf/5.3.0/mno-hw-mul/libgcc.a(lib2-mul.o)
 .comment       0x0000000000000023       0x24 /home/estape/intelFPGA_lite/18.1/nios2eds/bin/gnu/H-x86_64-pc-linux-gnu/bin/../lib/gcc/nios2-elf/5.3.0/../../../../../H-x86_64-pc-linux-gnu/nios2-elf/lib/mno-hw-mul/libc.a(lib_a-exit.o)
 .comment       0x0000000000000023       0x24 /home/estape/intelFPGA_lite/18.1/nios2eds/bin/gnu/H-x86_64-pc-linux-gnu/bin/../lib/gcc/nios2-elf/5.3.0/../../../../../H-x86_64-pc-linux-gnu/nios2-elf/lib/mno-hw-mul/libc.a(lib_a-impure.o)
 .comment       0x0000000000000023       0x24 /home/estape/intelFPGA_lite/18.1/nios2eds/bin/gnu/H-x86_64-pc-linux-gnu/bin/../lib/gcc/nios2-elf/5.3.0/../../../../../H-x86_64-pc-linux-gnu/nios2-elf/lib/mno-hw-mul/libc.a(lib_a-puts.o)
 .comment       0x0000000000000023       0x24 /home/estape/intelFPGA_lite/18.1/nios2eds/bin/gnu/H-x86_64-pc-linux-gnu/bin/../lib/gcc/nios2-elf/5.3.0/../../../../../H-x86_64-pc-linux-gnu/nios2-elf/lib/mno-hw-mul/libc.a(lib_a-strlen.o)
 .comment       0x0000000000000023       0x24 /home/estape/intelFPGA_lite/18.1/nios2eds/bin/gnu/H-x86_64-pc-linux-gnu/bin/../lib/gcc/nios2-elf/5.3.0/../../../../../H-x86_64-pc-linux-gnu/nios2-elf/lib/mno-hw-mul/libc.a(lib_a-__call_atexit.o)
 .comment       0x0000000000000023       0x24 /home/estape/intelFPGA_lite/18.1/nios2eds/bin/gnu/H-x86_64-pc-linux-gnu/bin/../lib/gcc/nios2-elf/5.3.0/../../../../../H-x86_64-pc-linux-gnu/nios2-elf/lib/mno-hw-mul/libc.a(lib_a-findfp.o)
 .comment       0x0000000000000023       0x24 /home/estape/intelFPGA_lite/18.1/nios2eds/bin/gnu/H-x86_64-pc-linux-gnu/bin/../lib/gcc/nios2-elf/5.3.0/../../../../../H-x86_64-pc-linux-gnu/nios2-elf/lib/mno-hw-mul/libc.a(lib_a-fvwrite.o)
 .comment       0x0000000000000023       0x24 /home/estape/intelFPGA_lite/18.1/nios2eds/bin/gnu/H-x86_64-pc-linux-gnu/bin/../lib/gcc/nios2-elf/5.3.0/../../../../../H-x86_64-pc-linux-gnu/nios2-elf/lib/mno-hw-mul/libc.a(lib_a-fwalk.o)
 .comment       0x0000000000000023       0x24 /home/estape/intelFPGA_lite/18.1/nios2eds/bin/gnu/H-x86_64-pc-linux-gnu/bin/../lib/gcc/nios2-elf/5.3.0/../../../../../H-x86_64-pc-linux-gnu/nios2-elf/lib/mno-hw-mul/libc.a(lib_a-mallocr.o)
 .comment       0x0000000000000023       0x24 /home/estape/intelFPGA_lite/18.1/nios2eds/bin/gnu/H-x86_64-pc-linux-gnu/bin/../lib/gcc/nios2-elf/5.3.0/../../../../../H-x86_64-pc-linux-gnu/nios2-elf/lib/mno-hw-mul/libc.a(lib_a-memchr.o)
 .comment       0x0000000000000023       0x24 /home/estape/intelFPGA_lite/18.1/nios2eds/bin/gnu/H-x86_64-pc-linux-gnu/bin/../lib/gcc/nios2-elf/5.3.0/../../../../../H-x86_64-pc-linux-gnu/nios2-elf/lib/mno-hw-mul/libc.a(lib_a-memcpy.o)
 .comment       0x0000000000000023       0x24 /home/estape/intelFPGA_lite/18.1/nios2eds/bin/gnu/H-x86_64-pc-linux-gnu/bin/../lib/gcc/nios2-elf/5.3.0/../../../../../H-x86_64-pc-linux-gnu/nios2-elf/lib/mno-hw-mul/libc.a(lib_a-memmove.o)
 .comment       0x0000000000000023       0x24 /home/estape/intelFPGA_lite/18.1/nios2eds/bin/gnu/H-x86_64-pc-linux-gnu/bin/../lib/gcc/nios2-elf/5.3.0/../../../../../H-x86_64-pc-linux-gnu/nios2-elf/lib/mno-hw-mul/libc.a(lib_a-memset.o)
 .comment       0x0000000000000023       0x24 /home/estape/intelFPGA_lite/18.1/nios2eds/bin/gnu/H-x86_64-pc-linux-gnu/bin/../lib/gcc/nios2-elf/5.3.0/../../../../../H-x86_64-pc-linux-gnu/nios2-elf/lib/mno-hw-mul/libc.a(lib_a-reallocr.o)
 .comment       0x0000000000000023       0x24 /home/estape/intelFPGA_lite/18.1/nios2eds/bin/gnu/H-x86_64-pc-linux-gnu/bin/../lib/gcc/nios2-elf/5.3.0/../../../../../H-x86_64-pc-linux-gnu/nios2-elf/lib/mno-hw-mul/libc.a(lib_a-sbrkr.o)
 .comment       0x0000000000000023       0x24 /home/estape/intelFPGA_lite/18.1/nios2eds/bin/gnu/H-x86_64-pc-linux-gnu/bin/../lib/gcc/nios2-elf/5.3.0/../../../../../H-x86_64-pc-linux-gnu/nios2-elf/lib/mno-hw-mul/libc.a(lib_a-stdio.o)
 .comment       0x0000000000000023       0x24 /home/estape/intelFPGA_lite/18.1/nios2eds/bin/gnu/H-x86_64-pc-linux-gnu/bin/../lib/gcc/nios2-elf/5.3.0/../../../../../H-x86_64-pc-linux-gnu/nios2-elf/lib/mno-hw-mul/libc.a(lib_a-writer.o)
 .comment       0x0000000000000023       0x24 /home/estape/intelFPGA_lite/18.1/nios2eds/bin/gnu/H-x86_64-pc-linux-gnu/bin/../lib/gcc/nios2-elf/5.3.0/../../../../../H-x86_64-pc-linux-gnu/nios2-elf/lib/mno-hw-mul/libc.a(lib_a-wsetup.o)
 .comment       0x0000000000000023       0x24 /home/estape/intelFPGA_lite/18.1/nios2eds/bin/gnu/H-x86_64-pc-linux-gnu/bin/../lib/gcc/nios2-elf/5.3.0/../../../../../H-x86_64-pc-linux-gnu/nios2-elf/lib/mno-hw-mul/libc.a(closer.o)
 .comment       0x0000000000000023       0x24 /home/estape/intelFPGA_lite/18.1/nios2eds/bin/gnu/H-x86_64-pc-linux-gnu/bin/../lib/gcc/nios2-elf/5.3.0/../../../../../H-x86_64-pc-linux-gnu/nios2-elf/lib/mno-hw-mul/libc.a(lib_a-fclose.o)
 .comment       0x0000000000000023       0x24 /home/estape/intelFPGA_lite/18.1/nios2eds/bin/gnu/H-x86_64-pc-linux-gnu/bin/../lib/gcc/nios2-elf/5.3.0/../../../../../H-x86_64-pc-linux-gnu/nios2-elf/lib/mno-hw-mul/libc.a(lib_a-fflush.o)
 .comment       0x0000000000000023       0x24 /home/estape/intelFPGA_lite/18.1/nios2eds/bin/gnu/H-x86_64-pc-linux-gnu/bin/../lib/gcc/nios2-elf/5.3.0/../../../../../H-x86_64-pc-linux-gnu/nios2-elf/lib/mno-hw-mul/libc.a(lib_a-freer.o)
 .comment       0x0000000000000023       0x24 /home/estape/intelFPGA_lite/18.1/nios2eds/bin/gnu/H-x86_64-pc-linux-gnu/bin/../lib/gcc/nios2-elf/5.3.0/../../../../../H-x86_64-pc-linux-gnu/nios2-elf/lib/mno-hw-mul/libc.a(lib_a-int_errno.o)
 .comment       0x0000000000000023       0x24 /home/estape/intelFPGA_lite/18.1/nios2eds/bin/gnu/H-x86_64-pc-linux-gnu/bin/../lib/gcc/nios2-elf/5.3.0/../../../../../H-x86_64-pc-linux-gnu/nios2-elf/lib/mno-hw-mul/libc.a(lib_a-lseekr.o)
 .comment       0x0000000000000023       0x24 /home/estape/intelFPGA_lite/18.1/nios2eds/bin/gnu/H-x86_64-pc-linux-gnu/bin/../lib/gcc/nios2-elf/5.3.0/../../../../../H-x86_64-pc-linux-gnu/nios2-elf/lib/mno-hw-mul/libc.a(lib_a-makebuf.o)
 .comment       0x0000000000000023       0x24 /home/estape/intelFPGA_lite/18.1/nios2eds/bin/gnu/H-x86_64-pc-linux-gnu/bin/../lib/gcc/nios2-elf/5.3.0/../../../../../H-x86_64-pc-linux-gnu/nios2-elf/lib/mno-hw-mul/libc.a(lib_a-readr.o)
 .comment       0x0000000000000023       0x24 /home/estape/intelFPGA_lite/18.1/nios2eds/bin/gnu/H-x86_64-pc-linux-gnu/bin/../lib/gcc/nios2-elf/5.3.0/../../../../../H-x86_64-pc-linux-gnu/nios2-elf/lib/mno-hw-mul/libc.a(lib_a-fstatr.o)
 .comment       0x0000000000000023       0x24 /home/estape/intelFPGA_lite/18.1/nios2eds/bin/gnu/H-x86_64-pc-linux-gnu/bin/../lib/gcc/nios2-elf/5.3.0/../../../../../H-x86_64-pc-linux-gnu/nios2-elf/lib/mno-hw-mul/libc.a(lib_a-isattyr.o)
 .comment       0x0000000000000023       0x24 /home/estape/intelFPGA_lite/18.1/nios2eds/bin/gnu/H-x86_64-pc-linux-gnu/bin/../lib/gcc/nios2-elf/5.3.0/mno-hw-mul/libgcc.a(lib2-divmod.o)
 .comment       0x0000000000000023       0x24 ../denoise_nios_bsp//libhal_bsp.a(alt_close.o)
 .comment       0x0000000000000023       0x24 ../denoise_nios_bsp//libhal_bsp.a(alt_dev.o)
 .comment       0x0000000000000023       0x24 ../denoise_nios_bsp//libhal_bsp.a(alt_errno.o)
 .comment       0x0000000000000023       0x24 ../denoise_nios_bsp//libhal_bsp.a(alt_exit.o)
 .comment       0x0000000000000023       0x24 ../denoise_nios_bsp//libhal_bsp.a(alt_fstat.o)
 .comment       0x0000000000000023       0x24 ../denoise_nios_bsp//libhal_bsp.a(alt_isatty.o)
 .comment       0x0000000000000023       0x24 ../denoise_nios_bsp//libhal_bsp.a(alt_load.o)
 .comment       0x0000000000000023       0x24 ../denoise_nios_bsp//libhal_bsp.a(alt_lseek.o)
 .comment       0x0000000000000023       0x24 ../denoise_nios_bsp//libhal_bsp.a(alt_main.o)
 .comment       0x0000000000000023       0x24 ../denoise_nios_bsp//libhal_bsp.a(alt_malloc_lock.o)
 .comment       0x0000000000000023       0x24 ../denoise_nios_bsp//libhal_bsp.a(alt_read.o)
 .comment       0x0000000000000023       0x24 ../denoise_nios_bsp//libhal_bsp.a(alt_release_fd.o)
 .comment       0x0000000000000023       0x24 ../denoise_nios_bsp//libhal_bsp.a(alt_sbrk.o)
 .comment       0x0000000000000023       0x24 ../denoise_nios_bsp//libhal_bsp.a(alt_write.o)
 .comment       0x0000000000000023       0x24 ../denoise_nios_bsp//libhal_bsp.a(alt_sys_init.o)
 .comment       0x0000000000000023       0x24 ../denoise_nios_bsp//libhal_bsp.a(altera_avalon_jtag_uart_fd.o)
 .comment       0x0000000000000023       0x24 ../denoise_nios_bsp//libhal_bsp.a(altera_avalon_jtag_uart_init.o)
 .comment       0x0000000000000023       0x24 ../denoise_nios_bsp//libhal_bsp.a(altera_avalon_jtag_uart_ioctl.o)
 .comment       0x0000000000000023       0x24 ../denoise_nios_bsp//libhal_bsp.a(altera_avalon_jtag_uart_read.o)
 .comment       0x0000000000000023       0x24 ../denoise_nios_bsp//libhal_bsp.a(altera_avalon_jtag_uart_write.o)
 .comment       0x0000000000000023       0x24 ../denoise_nios_bsp//libhal_bsp.a(alt_alarm_start.o)
 .comment       0x0000000000000023       0x24 ../denoise_nios_bsp//libhal_bsp.a(alt_dcache_flush_all.o)
 .comment       0x0000000000000023       0x24 ../denoise_nios_bsp//libhal_bsp.a(alt_dev_llist_insert.o)
 .comment       0x0000000000000023       0x24 ../denoise_nios_bsp//libhal_bsp.a(alt_do_ctors.o)
 .comment       0x0000000000000023       0x24 ../denoise_nios_bsp//libhal_bsp.a(alt_do_dtors.o)
 .comment       0x0000000000000023       0x24 ../denoise_nios_bsp//libhal_bsp.a(alt_icache_flush_all.o)
 .comment       0x0000000000000023       0x24 ../denoise_nios_bsp//libhal_bsp.a(alt_iic.o)
 .comment       0x0000000000000023       0x24 ../denoise_nios_bsp//libhal_bsp.a(alt_iic_isr_register.o)
 .comment       0x0000000000000023       0x24 ../denoise_nios_bsp//libhal_bsp.a(alt_io_redirect.o)
 .comment       0x0000000000000023       0x24 ../denoise_nios_bsp//libhal_bsp.a(alt_irq_handler.o)
 .comment       0x0000000000000023       0x24 ../denoise_nios_bsp//libhal_bsp.a(alt_irq_vars.o)
 .comment       0x0000000000000023       0x24 ../denoise_nios_bsp//libhal_bsp.a(alt_open.o)
 .comment       0x0000000000000023       0x24 ../denoise_nios_bsp//libhal_bsp.a(alt_tick.o)
 .comment       0x0000000000000023       0x24 ../denoise_nios_bsp//libhal_bsp.a(altera_nios2_gen2_irq.o)
 .comment       0x0000000000000023       0x24 ../denoise_nios_bsp//libhal_bsp.a(alt_find_dev.o)
 .comment       0x0000000000000023       0x24 ../denoise_nios_bsp//libhal_bsp.a(alt_find_file.o)
 .comment       0x0000000000000023       0x24 ../denoise_nios_bsp//libhal_bsp.a(alt_get_fd.o)
 .comment       0x0000000000000023       0x24 ../denoise_nios_bsp//libhal_bsp.a(alt_instruction_exception_entry.o)
 .comment       0x0000000000000023       0x24 /home/estape/intelFPGA_lite/18.1/nios2eds/bin/gnu/H-x86_64-pc-linux-gnu/bin/../lib/gcc/nios2-elf/5.3.0/../../../../../H-x86_64-pc-linux-gnu/nios2-elf/lib/mno-hw-mul/libc.a(lib_a-atexit.o)
 .comment       0x0000000000000023       0x24 /home/estape/intelFPGA_lite/18.1/nios2eds/bin/gnu/H-x86_64-pc-linux-gnu/bin/../lib/gcc/nios2-elf/5.3.0/../../../../../H-x86_64-pc-linux-gnu/nios2-elf/lib/mno-hw-mul/libc.a(lib_a-memcmp.o)
 .comment       0x0000000000000023       0x24 /home/estape/intelFPGA_lite/18.1/nios2eds/bin/gnu/H-x86_64-pc-linux-gnu/bin/../lib/gcc/nios2-elf/5.3.0/../../../../../H-x86_64-pc-linux-gnu/nios2-elf/lib/mno-hw-mul/libc.a(lib_a-__atexit.o)

.debug
 *(.debug)

.line
 *(.line)

.debug_srcinfo
 *(.debug_srcinfo)

.debug_sfnames
 *(.debug_sfnames)

.debug_aranges  0x0000000000000000      0xa10
 *(.debug_aranges)
 .debug_aranges
                0x0000000000000000       0x28 ../denoise_nios_bsp//obj/HAL/src/crt0.o
 .debug_aranges
                0x0000000000000028       0x20 obj/default/main.o
 .debug_aranges
                0x0000000000000048       0x20 /home/estape/intelFPGA_lite/18.1/nios2eds/bin/gnu/H-x86_64-pc-linux-gnu/bin/../lib/gcc/nios2-elf/5.3.0/mno-hw-mul/libgcc.a(lib2-mul.o)
 .debug_aranges
                0x0000000000000068       0x20 /home/estape/intelFPGA_lite/18.1/nios2eds/bin/gnu/H-x86_64-pc-linux-gnu/bin/../lib/gcc/nios2-elf/5.3.0/../../../../../H-x86_64-pc-linux-gnu/nios2-elf/lib/mno-hw-mul/libc.a(lib_a-exit.o)
 .debug_aranges
                0x0000000000000088       0x18 /home/estape/intelFPGA_lite/18.1/nios2eds/bin/gnu/H-x86_64-pc-linux-gnu/bin/../lib/gcc/nios2-elf/5.3.0/../../../../../H-x86_64-pc-linux-gnu/nios2-elf/lib/mno-hw-mul/libc.a(lib_a-impure.o)
 .debug_aranges
                0x00000000000000a0       0x28 /home/estape/intelFPGA_lite/18.1/nios2eds/bin/gnu/H-x86_64-pc-linux-gnu/bin/../lib/gcc/nios2-elf/5.3.0/../../../../../H-x86_64-pc-linux-gnu/nios2-elf/lib/mno-hw-mul/libc.a(lib_a-puts.o)
 .debug_aranges
                0x00000000000000c8       0x20 /home/estape/intelFPGA_lite/18.1/nios2eds/bin/gnu/H-x86_64-pc-linux-gnu/bin/../lib/gcc/nios2-elf/5.3.0/../../../../../H-x86_64-pc-linux-gnu/nios2-elf/lib/mno-hw-mul/libc.a(lib_a-strlen.o)
 .debug_aranges
                0x00000000000000e8       0x20 /home/estape/intelFPGA_lite/18.1/nios2eds/bin/gnu/H-x86_64-pc-linux-gnu/bin/../lib/gcc/nios2-elf/5.3.0/../../../../../H-x86_64-pc-linux-gnu/nios2-elf/lib/mno-hw-mul/libc.a(lib_a-__call_atexit.o)
 .debug_aranges
                0x0000000000000108       0x68 /home/estape/intelFPGA_lite/18.1/nios2eds/bin/gnu/H-x86_64-pc-linux-gnu/bin/../lib/gcc/nios2-elf/5.3.0/../../../../../H-x86_64-pc-linux-gnu/nios2-elf/lib/mno-hw-mul/libc.a(lib_a-findfp.o)
 .debug_aranges
                0x0000000000000170       0x20 /home/estape/intelFPGA_lite/18.1/nios2eds/bin/gnu/H-x86_64-pc-linux-gnu/bin/../lib/gcc/nios2-elf/5.3.0/../../../../../H-x86_64-pc-linux-gnu/nios2-elf/lib/mno-hw-mul/libc.a(lib_a-fvwrite.o)
 .debug_aranges
                0x0000000000000190       0x28 /home/estape/intelFPGA_lite/18.1/nios2eds/bin/gnu/H-x86_64-pc-linux-gnu/bin/../lib/gcc/nios2-elf/5.3.0/../../../../../H-x86_64-pc-linux-gnu/nios2-elf/lib/mno-hw-mul/libc.a(lib_a-fwalk.o)
 .debug_aranges
                0x00000000000001b8       0x20 /home/estape/intelFPGA_lite/18.1/nios2eds/bin/gnu/H-x86_64-pc-linux-gnu/bin/../lib/gcc/nios2-elf/5.3.0/../../../../../H-x86_64-pc-linux-gnu/nios2-elf/lib/mno-hw-mul/libc.a(lib_a-mallocr.o)
 .debug_aranges
                0x00000000000001d8       0x20 /home/estape/intelFPGA_lite/18.1/nios2eds/bin/gnu/H-x86_64-pc-linux-gnu/bin/../lib/gcc/nios2-elf/5.3.0/../../../../../H-x86_64-pc-linux-gnu/nios2-elf/lib/mno-hw-mul/libc.a(lib_a-memchr.o)
 .debug_aranges
                0x00000000000001f8       0x20 /home/estape/intelFPGA_lite/18.1/nios2eds/bin/gnu/H-x86_64-pc-linux-gnu/bin/../lib/gcc/nios2-elf/5.3.0/../../../../../H-x86_64-pc-linux-gnu/nios2-elf/lib/mno-hw-mul/libc.a(lib_a-memcpy.o)
 .debug_aranges
                0x0000000000000218       0x20 /home/estape/intelFPGA_lite/18.1/nios2eds/bin/gnu/H-x86_64-pc-linux-gnu/bin/../lib/gcc/nios2-elf/5.3.0/../../../../../H-x86_64-pc-linux-gnu/nios2-elf/lib/mno-hw-mul/libc.a(lib_a-memmove.o)
 .debug_aranges
                0x0000000000000238       0x20 /home/estape/intelFPGA_lite/18.1/nios2eds/bin/gnu/H-x86_64-pc-linux-gnu/bin/../lib/gcc/nios2-elf/5.3.0/../../../../../H-x86_64-pc-linux-gnu/nios2-elf/lib/mno-hw-mul/libc.a(lib_a-memset.o)
 .debug_aranges
                0x0000000000000258       0x20 /home/estape/intelFPGA_lite/18.1/nios2eds/bin/gnu/H-x86_64-pc-linux-gnu/bin/../lib/gcc/nios2-elf/5.3.0/../../../../../H-x86_64-pc-linux-gnu/nios2-elf/lib/mno-hw-mul/libc.a(lib_a-reallocr.o)
 .debug_aranges
                0x0000000000000278       0x20 /home/estape/intelFPGA_lite/18.1/nios2eds/bin/gnu/H-x86_64-pc-linux-gnu/bin/../lib/gcc/nios2-elf/5.3.0/../../../../../H-x86_64-pc-linux-gnu/nios2-elf/lib/mno-hw-mul/libc.a(lib_a-sbrkr.o)
 .debug_aranges
                0x0000000000000298       0x40 /home/estape/intelFPGA_lite/18.1/nios2eds/bin/gnu/H-x86_64-pc-linux-gnu/bin/../lib/gcc/nios2-elf/5.3.0/../../../../../H-x86_64-pc-linux-gnu/nios2-elf/lib/mno-hw-mul/libc.a(lib_a-stdio.o)
 .debug_aranges
                0x00000000000002d8       0x20 /home/estape/intelFPGA_lite/18.1/nios2eds/bin/gnu/H-x86_64-pc-linux-gnu/bin/../lib/gcc/nios2-elf/5.3.0/../../../../../H-x86_64-pc-linux-gnu/nios2-elf/lib/mno-hw-mul/libc.a(lib_a-writer.o)
 .debug_aranges
                0x00000000000002f8       0x20 /home/estape/intelFPGA_lite/18.1/nios2eds/bin/gnu/H-x86_64-pc-linux-gnu/bin/../lib/gcc/nios2-elf/5.3.0/../../../../../H-x86_64-pc-linux-gnu/nios2-elf/lib/mno-hw-mul/libc.a(lib_a-wsetup.o)
 .debug_aranges
                0x0000000000000318       0x20 /home/estape/intelFPGA_lite/18.1/nios2eds/bin/gnu/H-x86_64-pc-linux-gnu/bin/../lib/gcc/nios2-elf/5.3.0/../../../../../H-x86_64-pc-linux-gnu/nios2-elf/lib/mno-hw-mul/libc.a(closer.o)
 .debug_aranges
                0x0000000000000338       0x28 /home/estape/intelFPGA_lite/18.1/nios2eds/bin/gnu/H-x86_64-pc-linux-gnu/bin/../lib/gcc/nios2-elf/5.3.0/../../../../../H-x86_64-pc-linux-gnu/nios2-elf/lib/mno-hw-mul/libc.a(lib_a-fclose.o)
 .debug_aranges
                0x0000000000000360       0x30 /home/estape/intelFPGA_lite/18.1/nios2eds/bin/gnu/H-x86_64-pc-linux-gnu/bin/../lib/gcc/nios2-elf/5.3.0/../../../../../H-x86_64-pc-linux-gnu/nios2-elf/lib/mno-hw-mul/libc.a(lib_a-fflush.o)
 .debug_aranges
                0x0000000000000390       0x28 /home/estape/intelFPGA_lite/18.1/nios2eds/bin/gnu/H-x86_64-pc-linux-gnu/bin/../lib/gcc/nios2-elf/5.3.0/../../../../../H-x86_64-pc-linux-gnu/nios2-elf/lib/mno-hw-mul/libc.a(lib_a-freer.o)
 .debug_aranges
                0x00000000000003b8       0x18 /home/estape/intelFPGA_lite/18.1/nios2eds/bin/gnu/H-x86_64-pc-linux-gnu/bin/../lib/gcc/nios2-elf/5.3.0/../../../../../H-x86_64-pc-linux-gnu/nios2-elf/lib/mno-hw-mul/libc.a(lib_a-int_errno.o)
 .debug_aranges
                0x00000000000003d0       0x20 /home/estape/intelFPGA_lite/18.1/nios2eds/bin/gnu/H-x86_64-pc-linux-gnu/bin/../lib/gcc/nios2-elf/5.3.0/../../../../../H-x86_64-pc-linux-gnu/nios2-elf/lib/mno-hw-mul/libc.a(lib_a-lseekr.o)
 .debug_aranges
                0x00000000000003f0       0x20 /home/estape/intelFPGA_lite/18.1/nios2eds/bin/gnu/H-x86_64-pc-linux-gnu/bin/../lib/gcc/nios2-elf/5.3.0/../../../../../H-x86_64-pc-linux-gnu/nios2-elf/lib/mno-hw-mul/libc.a(lib_a-makebuf.o)
 .debug_aranges
                0x0000000000000410       0x20 /home/estape/intelFPGA_lite/18.1/nios2eds/bin/gnu/H-x86_64-pc-linux-gnu/bin/../lib/gcc/nios2-elf/5.3.0/../../../../../H-x86_64-pc-linux-gnu/nios2-elf/lib/mno-hw-mul/libc.a(lib_a-readr.o)
 .debug_aranges
                0x0000000000000430       0x20 /home/estape/intelFPGA_lite/18.1/nios2eds/bin/gnu/H-x86_64-pc-linux-gnu/bin/../lib/gcc/nios2-elf/5.3.0/../../../../../H-x86_64-pc-linux-gnu/nios2-elf/lib/mno-hw-mul/libc.a(lib_a-fstatr.o)
 .debug_aranges
                0x0000000000000450       0x20 /home/estape/intelFPGA_lite/18.1/nios2eds/bin/gnu/H-x86_64-pc-linux-gnu/bin/../lib/gcc/nios2-elf/5.3.0/../../../../../H-x86_64-pc-linux-gnu/nios2-elf/lib/mno-hw-mul/libc.a(lib_a-isattyr.o)
 .debug_aranges
                0x0000000000000470       0x20 /home/estape/intelFPGA_lite/18.1/nios2eds/bin/gnu/H-x86_64-pc-linux-gnu/bin/../lib/gcc/nios2-elf/5.3.0/mno-hw-mul/libgcc.a(lib2-divmod.o)
 .debug_aranges
                0x0000000000000490       0x20 ../denoise_nios_bsp//libhal_bsp.a(alt_close.o)
 .debug_aranges
                0x00000000000004b0       0x20 ../denoise_nios_bsp//libhal_bsp.a(alt_dev.o)
 .debug_aranges
                0x00000000000004d0       0x18 ../denoise_nios_bsp//libhal_bsp.a(alt_errno.o)
 .debug_aranges
                0x00000000000004e8       0x20 ../denoise_nios_bsp//libhal_bsp.a(alt_exit.o)
 .debug_aranges
                0x0000000000000508       0x20 ../denoise_nios_bsp//libhal_bsp.a(alt_fstat.o)
 .debug_aranges
                0x0000000000000528       0x20 ../denoise_nios_bsp//libhal_bsp.a(alt_isatty.o)
 .debug_aranges
                0x0000000000000548       0x20 ../denoise_nios_bsp//libhal_bsp.a(alt_load.o)
 .debug_aranges
                0x0000000000000568       0x20 ../denoise_nios_bsp//libhal_bsp.a(alt_lseek.o)
 .debug_aranges
                0x0000000000000588       0x20 ../denoise_nios_bsp//libhal_bsp.a(alt_main.o)
 .debug_aranges
                0x00000000000005a8       0x20 ../denoise_nios_bsp//libhal_bsp.a(alt_malloc_lock.o)
 .debug_aranges
                0x00000000000005c8       0x20 ../denoise_nios_bsp//libhal_bsp.a(alt_read.o)
 .debug_aranges
                0x00000000000005e8       0x20 ../denoise_nios_bsp//libhal_bsp.a(alt_release_fd.o)
 .debug_aranges
                0x0000000000000608       0x20 ../denoise_nios_bsp//libhal_bsp.a(alt_sbrk.o)
 .debug_aranges
                0x0000000000000628       0x20 ../denoise_nios_bsp//libhal_bsp.a(alt_write.o)
 .debug_aranges
                0x0000000000000648       0x20 ../denoise_nios_bsp//libhal_bsp.a(alt_sys_init.o)
 .debug_aranges
                0x0000000000000668       0x20 ../denoise_nios_bsp//libhal_bsp.a(altera_avalon_jtag_uart_fd.o)
 .debug_aranges
                0x0000000000000688       0x20 ../denoise_nios_bsp//libhal_bsp.a(altera_avalon_jtag_uart_init.o)
 .debug_aranges
                0x00000000000006a8       0x20 ../denoise_nios_bsp//libhal_bsp.a(altera_avalon_jtag_uart_ioctl.o)
 .debug_aranges
                0x00000000000006c8       0x20 ../denoise_nios_bsp//libhal_bsp.a(altera_avalon_jtag_uart_read.o)
 .debug_aranges
                0x00000000000006e8       0x20 ../denoise_nios_bsp//libhal_bsp.a(altera_avalon_jtag_uart_write.o)
 .debug_aranges
                0x0000000000000708       0x20 ../denoise_nios_bsp//libhal_bsp.a(alt_alarm_start.o)
 .debug_aranges
                0x0000000000000728       0x20 ../denoise_nios_bsp//libhal_bsp.a(alt_dcache_flush_all.o)
 .debug_aranges
                0x0000000000000748       0x20 ../denoise_nios_bsp//libhal_bsp.a(alt_dev_llist_insert.o)
 .debug_aranges
                0x0000000000000768       0x20 ../denoise_nios_bsp//libhal_bsp.a(alt_do_ctors.o)
 .debug_aranges